ML-DSA-65  pk=1952 sk=4032 sig=3309
[mldsa] device_open
SCHEDULING: requests=1 workers=1 waves=1
CONFIGS: num_threads=32, num_warps=8, num_cores=1, num_clusters=1, socket_size=1, local_mem_base=0xffff0000, num_barriers=8
CONFIG: driver=xrt clusters=1 cores=1 warps=8 threads=32 M=1 L=32 l2=0 l3=0 lmem=16384B line=64B isa=0x303340901100
[mldsa] buffer_create
[mldsa] module_load
[mldsa] upload inputs
[mldsa] launch
[mldsa] readback
[mldsa] wait
[VXDRV] Warning: CP has not retired a command in 10s.
[VXDRV]   Q_SEQNUM=29 target=30 CP_CTRL=0x00000001 CP_STATUS=0x00000000 Q_ERROR=0x00000000
[VXDRV]   RING_BASE=0x00005b3f33efae00 HEAD_ADDR=0x00005b3f33f0ae80 CMPL_ADDR=0x00005b3f33f0af40
[VXDRV]   RING_SIZE_LOG2=16 Q_CONTROL=0x00000001 Q_TAIL=0x0000000000000780
[VXDRV]   The ring was accepted but nothing is executing. Set VORTEX_CP_POLL_TIMEOUT_S=<sec> to abort instead of spinning.
[mldsa] verify
REQUEST: id=0 input=3
REFERENCE: pk/sk/signature match portable C byte-for-byte
STACK: peak=5136 of 7776 paintable (slab 8192)   ARENA: peak=67648 of 90112 fail=0
primitive               calls
keccak_f1600_x1           582
keccak_f1600_x4           121
poly_ntt                   46
poly_invntt                49
rej_uniform                 0
poly_pointwise             31
pointwise_acc_l5           24
ARM: keccak=sg25 unroll=1 ntt=reg32 nttmul=d nttbf=d pointwise=ise l5=w32 ablate=none
SAMPLER_ARM: matrix=warp
CYCLES: keypair=5749403 sign=11127379 verify=5297338 total=22174120
POINTWISE: phase=keypair simple=0 l5=86071 share=1.50%
POINTWISE: phase=sign simple=225574 l5=169142 share=3.55%
POINTWISE: phase=verify simple=57206 l5=85253 share=2.69%
BATCH: requests=1 first_input=3 makespan=22174120
PERF: instrs=1892161, cycles=22401264, IPC=0.084
PASSED!
