ML-DSA-65  pk=1952 sk=4032 sig=3309
[mldsa] device_open
SCHEDULING: requests=8 workers=8 waves=1
CONFIG: driver=simx clusters=1 cores=1 warps=8 threads=32 M=8 L=32 l2=0 l3=0 lmem=16384B line=64B isa=0x303340901100
[mldsa] buffer_create
[mldsa] module_load
[mldsa] upload inputs
[mldsa] launch
[mldsa] readback
[mldsa] wait
[VXDRV] Warning: CP has not retired a command in 10s.
[VXDRV]   Q_SEQNUM=29 target=30 CP_CTRL=0x00000001 CP_STATUS=0x00000001 Q_ERROR=0x00000000
[VXDRV]   RING_BASE=0x0000636ea8674e00 HEAD_ADDR=0x0000636ea8684e80 CMPL_ADDR=0x0000636ea8684f80
[VXDRV]   RING_SIZE_LOG2=16 Q_CONTROL=0x00000001 Q_TAIL=0x0000000000000780
[VXDRV]   The ring was accepted but nothing is executing. Set VORTEX_CP_POLL_TIMEOUT_S=<sec> to abort instead of spinning.
[mldsa] verify
REQUEST: id=0 input=3
REFERENCE: pk/sk/signature match portable C byte-for-byte
STACK: peak=5152 of 7984 paintable (slab 8192)   ARENA: peak=67648 of 90112 fail=0
primitive               calls
keccak_f1600_x1           582
keccak_f1600_x4           121
poly_ntt                   46
poly_invntt                49
rej_uniform                 0
poly_pointwise             31
pointwise_acc_l5           24
ARM: keccak=sg25 unroll=1 ntt=reg32 nttmul=d nttbf=d pointwise=ise l5=w32 ablate=none
CYCLES: keypair=12858689 sign=24083266 verify=13593117 total=50535072
POINTWISE: phase=keypair simple=0 l5=107941 share=0.84%
POINTWISE: phase=sign simple=280320 l5=191506 share=1.96%
POINTWISE: phase=verify simple=70646 l5=96186 share=1.23%
REQUEST: id=1 input=4
REFERENCE: pk/sk/signature match portable C byte-for-byte
STACK: peak=5152 of 7984 paintable (slab 8192)   ARENA: peak=67648 of 90112 fail=0
primitive               calls
keccak_f1600_x1           813
keccak_f1600_x4           156
poly_ntt                   88
poly_invntt               169
rej_uniform                 0
poly_pointwise            109
pointwise_acc_l5           66
ARM: keccak=sg25 unroll=1 ntt=reg32 nttmul=d nttbf=d pointwise=ise l5=w32 ablate=none
CYCLES: keypair=12925407 sign=59154829 verify=8262733 total=80342969
POINTWISE: phase=keypair simple=0 l5=92849 share=0.72%
POINTWISE: phase=sign simple=1095632 l5=990114 share=3.53%
POINTWISE: phase=verify simple=56971 l5=86024 share=1.73%
REQUEST: id=2 input=5
REFERENCE: pk/sk/signature match portable C byte-for-byte
STACK: peak=5152 of 7984 paintable (slab 8192)   ARENA: peak=67648 of 90112 fail=0
primitive               calls
keccak_f1600_x1           615
keccak_f1600_x4           126
poly_ntt                   52
poly_invntt                58
rej_uniform                 0
poly_pointwise             34
pointwise_acc_l5           30
ARM: keccak=sg25 unroll=1 ntt=reg32 nttmul=d nttbf=d pointwise=ise l5=w32 ablate=none
CYCLES: keypair=12944019 sign=28563231 verify=12885457 total=54392707
POINTWISE: phase=keypair simple=0 l5=131734 share=1.02%
POINTWISE: phase=sign simple=313413 l5=387490 share=2.45%
POINTWISE: phase=verify simple=67148 l5=93878 share=1.25%
REQUEST: id=3 input=6
REFERENCE: pk/sk/signature match portable C byte-for-byte
STACK: peak=5152 of 7984 paintable (slab 8192)   ARENA: peak=67648 of 90112 fail=0
primitive               calls
keccak_f1600_x1           582
keccak_f1600_x4           121
poly_ntt                   46
poly_invntt                43
rej_uniform                 0
poly_pointwise             25
pointwise_acc_l5           24
ARM: keccak=sg25 unroll=1 ntt=reg32 nttmul=d nttbf=d pointwise=ise l5=w32 ablate=none
CYCLES: keypair=12933262 sign=22815477 verify=13672939 total=49421678
POINTWISE: phase=keypair simple=0 l5=127640 share=0.99%
POINTWISE: phase=sign simple=195073 l5=281135 share=2.09%
POINTWISE: phase=verify simple=73009 l5=108107 share=1.32%
REQUEST: id=4 input=7
REFERENCE: pk/sk/signature match portable C byte-for-byte
STACK: peak=5152 of 7984 paintable (slab 8192)   ARENA: peak=67648 of 90112 fail=0
primitive               calls
keccak_f1600_x1           879
keccak_f1600_x4           166
poly_ntt                  100
poly_invntt               165
rej_uniform                 0
poly_pointwise             93
pointwise_acc_l5           78
ARM: keccak=sg25 unroll=1 ntt=reg32 nttmul=d nttbf=d pointwise=ise l5=w32 ablate=none
CYCLES: keypair=12964556 sign=61378881 verify=8079108 total=82422545
POINTWISE: phase=keypair simple=0 l5=133819 share=1.03%
POINTWISE: phase=sign simple=928678 l5=1150222 share=3.39%
POINTWISE: phase=verify simple=55167 l5=84140 share=1.72%
REQUEST: id=5 input=8
REFERENCE: pk/sk/signature match portable C byte-for-byte
STACK: peak=5152 of 7984 paintable (slab 8192)   ARENA: peak=67648 of 90112 fail=0
primitive               calls
keccak_f1600_x1           780
keccak_f1600_x4           151
poly_ntt                   82
poly_invntt               103
rej_uniform                 0
poly_pointwise             49
pointwise_acc_l5           60
ARM: keccak=sg25 unroll=1 ntt=reg32 nttmul=d nttbf=d pointwise=ise l5=w32 ablate=none
CYCLES: keypair=13041707 sign=46993366 verify=10251008 total=70286081
POINTWISE: phase=keypair simple=0 l5=90217 share=0.69%
POINTWISE: phase=sign simple=467580 l5=850157 share=2.80%
POINTWISE: phase=verify simple=58673 l5=88703 share=1.44%
REQUEST: id=6 input=9
REFERENCE: pk/sk/signature match portable C byte-for-byte
STACK: peak=5152 of 7984 paintable (slab 8192)   ARENA: peak=67648 of 90112 fail=0
primitive               calls
keccak_f1600_x1           813
keccak_f1600_x4           156
poly_ntt                   88
poly_invntt               159
rej_uniform                 0
poly_pointwise             99
pointwise_acc_l5           66
ARM: keccak=sg25 unroll=1 ntt=reg32 nttmul=d nttbf=d pointwise=ise l5=w32 ablate=none
CYCLES: keypair=13092695 sign=58160003 verify=8328989 total=79581687
POINTWISE: phase=keypair simple=0 l5=99380 share=0.76%
POINTWISE: phase=sign simple=1007050 l5=979869 share=3.42%
POINTWISE: phase=verify simple=59740 l5=95405 share=1.86%
REQUEST: id=7 input=10
REFERENCE: pk/sk/signature match portable C byte-for-byte
STACK: peak=5152 of 7984 paintable (slab 8192)   ARENA: peak=67648 of 90112 fail=0
primitive               calls
keccak_f1600_x1           714
keccak_f1600_x4           141
poly_ntt                   70
poly_invntt               107
rej_uniform                 0
poly_pointwise             65
pointwise_acc_l5           48
ARM: keccak=sg25 unroll=1 ntt=reg32 nttmul=d nttbf=d pointwise=ise l5=w32 ablate=none
CYCLES: keypair=13265174 sign=45208068 verify=10297066 total=68770308
POINTWISE: phase=keypair simple=0 l5=120419 share=0.91%
POINTWISE: phase=sign simple=655627 l5=656153 share=2.90%
POINTWISE: phase=verify simple=69200 l5=95307 share=1.60%
BATCH: requests=8 first_input=3 makespan=82422555
PERF: instrs=28067914, cycles=82714588, IPC=0.339
PASSED!
