ML-DSA-44  pk=1312 sk=2560 sig=2420
[mldsa] device_open
SCHEDULING: requests=1 workers=1 waves=1
CONFIG: driver=simx clusters=1 cores=1 warps=8 threads=32 M=1 L=32 l2=0 l3=0 lmem=16384B line=64B isa=0x303340901100
[mldsa] buffer_create
[mldsa] module_load
[mldsa] upload inputs
[mldsa] launch
[mldsa] readback
[mldsa] wait
[VXDRV] Warning: CP has not retired a command in 10s.
[VXDRV]   Q_SEQNUM=29 target=30 CP_CTRL=0x00000001 CP_STATUS=0x00000001 Q_ERROR=0x00000000
[VXDRV]   RING_BASE=0x000055774f4f7e00 HEAD_ADDR=0x000055774f507e80 CMPL_ADDR=0x000055774f507f80
[VXDRV]   RING_SIZE_LOG2=16 Q_CONTROL=0x00000001 Q_TAIL=0x0000000000000780
[VXDRV]   The ring was accepted but nothing is executing. Set VORTEX_CP_POLL_TIMEOUT_S=<sec> to abort instead of spinning.
[mldsa] verify
REQUEST: id=0 input=3
REFERENCE: pk/sk/signature match portable C byte-for-byte
STACK: peak=5168 of 7776 paintable (slab 8192)   ARENA: peak=44064 of 90112 fail=0
primitive               calls
keccak_f1600_x1           620
keccak_f1600_x4           123
poly_ntt                   85
poly_invntt               123
rej_uniform                 0
poly_pointwise             71
pointwise_acc_l5           56
ARM: keccak=sg25 unroll=1 ntt=reg32 nttmul=d nttbf=d pointwise=ise l5=w32 ablate=none
SAMPLER_ARM: matrix=warp
SHAKE_EXTRACT_ARM: x4=warp
CYCLES: keypair=2481262 sign=25976545 verify=2593308 total=31051115
POINTWISE: phase=keypair simple=0 l5=36191 share=1.46%
POINTWISE: phase=sign simple=392192 l5=426799 share=3.15%
POINTWISE: phase=verify simple=23040 l5=36081 share=2.28%
BATCH: requests=1 first_input=3 makespan=31051115
PERF: instrs=2737983, cycles=31288801, IPC=0.088
PASSED!
