ML-DSA-65  pk=1952 sk=4032 sig=3309
[mldsa] device_open
SCHEDULING: requests=8 workers=8 waves=1
CONFIGS: num_threads=32, num_warps=8, num_cores=1, num_clusters=1, socket_size=1, local_mem_base=0xffff0000, num_barriers=8
CONFIG: driver=xrt clusters=1 cores=1 warps=8 threads=32 M=8 L=32 l2=0 l3=0 lmem=16384B line=64B isa=0x303340901100
[mldsa] buffer_create
[mldsa] module_load
[mldsa] upload inputs
[mldsa] launch
[mldsa] readback
[mldsa] wait
[VXDRV] Warning: CP has not retired a command in 10s.
[VXDRV]   Q_SEQNUM=29 target=30 CP_CTRL=0x00000001 CP_STATUS=0x00000000 Q_ERROR=0x00000000
[VXDRV]   RING_BASE=0x0000561e797cee00 HEAD_ADDR=0x0000561e797dee80 CMPL_ADDR=0x0000561e797def40
[VXDRV]   RING_SIZE_LOG2=16 Q_CONTROL=0x00000001 Q_TAIL=0x0000000000000780
[VXDRV]   The ring was accepted but nothing is executing. Set VORTEX_CP_POLL_TIMEOUT_S=<sec> to abort instead of spinning.
[mldsa] verify
REQUEST: id=0 input=3
REFERENCE: pk/sk/signature match portable C byte-for-byte
STACK: peak=5136 of 7776 paintable (slab 8192)   ARENA: peak=67648 of 90112 fail=0
primitive               calls
keccak_f1600_x1           582
keccak_f1600_x4           121
poly_ntt                   46
poly_invntt                49
rej_uniform                 0
poly_pointwise             31
pointwise_acc_l5           24
ARM: keccak=sg25 unroll=1 ntt=reg32 nttmul=d nttbf=d pointwise=ise l5=w32 ablate=none
SAMPLER_ARM: matrix=warp
CYCLES: keypair=11032788 sign=22486484 verify=10380547 total=43899819
POINTWISE: phase=keypair simple=0 l5=106153 share=0.96%
POINTWISE: phase=sign simple=302981 l5=224839 share=2.35%
POINTWISE: phase=verify simple=61184 l5=122963 share=1.77%
REQUEST: id=1 input=4
REFERENCE: pk/sk/signature match portable C byte-for-byte
STACK: peak=5136 of 7776 paintable (slab 8192)   ARENA: peak=67648 of 90112 fail=0
primitive               calls
keccak_f1600_x1           813
keccak_f1600_x4           156
poly_ntt                   88
poly_invntt               169
rej_uniform                 0
poly_pointwise            109
pointwise_acc_l5           66
ARM: keccak=sg25 unroll=1 ntt=reg32 nttmul=d nttbf=d pointwise=ise l5=w32 ablate=none
SAMPLER_ARM: matrix=warp
CYCLES: keypair=11042234 sign=57376282 verify=6384551 total=74803067
POINTWISE: phase=keypair simple=0 l5=129512 share=1.17%
POINTWISE: phase=sign simple=1153557 l5=1005707 share=3.76%
POINTWISE: phase=verify simple=69580 l5=105164 share=2.74%
REQUEST: id=2 input=5
REFERENCE: pk/sk/signature match portable C byte-for-byte
STACK: peak=5136 of 7776 paintable (slab 8192)   ARENA: peak=67648 of 90112 fail=0
primitive               calls
keccak_f1600_x1           615
keccak_f1600_x4           126
poly_ntt                   52
poly_invntt                58
rej_uniform                 0
poly_pointwise             34
pointwise_acc_l5           30
ARM: keccak=sg25 unroll=1 ntt=reg32 nttmul=d nttbf=d pointwise=ise l5=w32 ablate=none
SAMPLER_ARM: matrix=warp
CYCLES: keypair=11082792 sign=27327478 verify=9401863 total=47812133
POINTWISE: phase=keypair simple=0 l5=103853 share=0.94%
POINTWISE: phase=sign simple=344210 l5=383756 share=2.66%
POINTWISE: phase=verify simple=66053 l5=94734 share=1.71%
REQUEST: id=3 input=6
REFERENCE: pk/sk/signature match portable C byte-for-byte
STACK: peak=5136 of 7776 paintable (slab 8192)   ARENA: peak=67648 of 90112 fail=0
primitive               calls
keccak_f1600_x1           582
keccak_f1600_x4           121
poly_ntt                   46
poly_invntt                43
rej_uniform                 0
poly_pointwise             25
pointwise_acc_l5           24
ARM: keccak=sg25 unroll=1 ntt=reg32 nttmul=d nttbf=d pointwise=ise l5=w32 ablate=none
SAMPLER_ARM: matrix=warp
CYCLES: keypair=11091725 sign=21302167 verify=10235675 total=42629567
POINTWISE: phase=keypair simple=0 l5=136672 share=1.23%
POINTWISE: phase=sign simple=222566 l5=266751 share=2.30%
POINTWISE: phase=verify simple=68654 l5=112386 share=1.77%
REQUEST: id=4 input=7
REFERENCE: pk/sk/signature match portable C byte-for-byte
STACK: peak=5136 of 7776 paintable (slab 8192)   ARENA: peak=67648 of 90112 fail=0
primitive               calls
keccak_f1600_x1           879
keccak_f1600_x4           166
poly_ntt                  100
poly_invntt               165
rej_uniform                 0
poly_pointwise             93
pointwise_acc_l5           78
ARM: keccak=sg25 unroll=1 ntt=reg32 nttmul=d nttbf=d pointwise=ise l5=w32 ablate=none
SAMPLER_ARM: matrix=warp
CYCLES: keypair=11096475 sign=59887583 verify=5970609 total=76954667
POINTWISE: phase=keypair simple=0 l5=110911 share=1.00%
POINTWISE: phase=sign simple=932871 l5=1152235 share=3.48%
POINTWISE: phase=verify simple=57624 l5=84622 share=2.38%
REQUEST: id=5 input=8
REFERENCE: pk/sk/signature match portable C byte-for-byte
STACK: peak=5136 of 7776 paintable (slab 8192)   ARENA: peak=67648 of 90112 fail=0
primitive               calls
keccak_f1600_x1           780
keccak_f1600_x4           151
poly_ntt                   82
poly_invntt               103
rej_uniform                 0
poly_pointwise             49
pointwise_acc_l5           60
ARM: keccak=sg25 unroll=1 ntt=reg32 nttmul=d nttbf=d pointwise=ise l5=w32 ablate=none
SAMPLER_ARM: matrix=warp
CYCLES: keypair=11173128 sign=45281869 verify=7642541 total=64097538
POINTWISE: phase=keypair simple=0 l5=96076 share=0.86%
POINTWISE: phase=sign simple=479165 l5=888383 share=3.02%
POINTWISE: phase=verify simple=63734 l5=95943 share=2.09%
REQUEST: id=6 input=9
REFERENCE: pk/sk/signature match portable C byte-for-byte
STACK: peak=5136 of 7776 paintable (slab 8192)   ARENA: peak=67648 of 90112 fail=0
primitive               calls
keccak_f1600_x1           813
keccak_f1600_x4           156
poly_ntt                   88
poly_invntt               159
rej_uniform                 0
poly_pointwise             99
pointwise_acc_l5           66
ARM: keccak=sg25 unroll=1 ntt=reg32 nttmul=d nttbf=d pointwise=ise l5=w32 ablate=none
SAMPLER_ARM: matrix=warp
CYCLES: keypair=11141948 sign=56520522 verify=6354684 total=74017154
POINTWISE: phase=keypair simple=0 l5=87208 share=0.78%
POINTWISE: phase=sign simple=1049532 l5=1005402 share=3.64%
POINTWISE: phase=verify simple=67920 l5=92079 share=2.52%
REQUEST: id=7 input=10
REFERENCE: pk/sk/signature match portable C byte-for-byte
STACK: peak=5136 of 7776 paintable (slab 8192)   ARENA: peak=67648 of 90112 fail=0
primitive               calls
keccak_f1600_x1           714
keccak_f1600_x4           141
poly_ntt                   70
poly_invntt               107
rej_uniform                 0
poly_pointwise             65
pointwise_acc_l5           48
ARM: keccak=sg25 unroll=1 ntt=reg32 nttmul=d nttbf=d pointwise=ise l5=w32 ablate=none
SAMPLER_ARM: matrix=warp
CYCLES: keypair=11311049 sign=43213612 verify=7681544 total=62206205
POINTWISE: phase=keypair simple=0 l5=93421 share=0.83%
POINTWISE: phase=sign simple=694135 l5=609855 share=3.02%
POINTWISE: phase=verify simple=62392 l5=115376 share=2.31%
BATCH: requests=8 first_input=3 makespan=76954694
PERF: instrs=23716844, cycles=77231877, IPC=0.307
PASSED!
