ML-DSA-65  pk=1952 sk=4032 sig=3309
[mldsa] device_open
SCHEDULING: requests=8 workers=8 waves=1
CONFIG: driver=simx clusters=1 cores=1 warps=8 threads=32 M=8 L=32 l2=0 l3=0 lmem=16384B line=64B isa=0x303340901100
[mldsa] buffer_create
[mldsa] module_load
[mldsa] upload inputs
[mldsa] launch
[mldsa] readback
[mldsa] wait
[VXDRV] Warning: CP has not retired a command in 10s.
[VXDRV]   Q_SEQNUM=29 target=30 CP_CTRL=0x00000001 CP_STATUS=0x00000001 Q_ERROR=0x00000000
[VXDRV]   RING_BASE=0x0000595d2d19fe00 HEAD_ADDR=0x0000595d2d1afe80 CMPL_ADDR=0x0000595d2d1aff80
[VXDRV]   RING_SIZE_LOG2=16 Q_CONTROL=0x00000001 Q_TAIL=0x0000000000000780
[VXDRV]   The ring was accepted but nothing is executing. Set VORTEX_CP_POLL_TIMEOUT_S=<sec> to abort instead of spinning.
[mldsa] verify
REQUEST: id=0 input=3
REFERENCE: pk/sk/signature match portable C byte-for-byte
STACK: peak=5104 of 7776 paintable (slab 8192)   ARENA: peak=67648 of 90112 fail=0
primitive               calls
keccak_f1600_x1           582
keccak_f1600_x4           121
poly_ntt                   46
poly_invntt                49
rej_uniform                 0
poly_pointwise             31
pointwise_acc_l5           24
ARM: keccak=sg25 unroll=1 ntt=reg32 nttmul=d nttbf=d pointwise=ise l5=w32 ablate=none
SAMPLER_ARM: matrix=warp
SHAKE_EXTRACT_ARM: x4=warp
CYCLES: keypair=9818695 sign=21377706 verify=8098393 total=39294794
POINTWISE: phase=keypair simple=0 l5=123780 share=1.26%
POINTWISE: phase=sign simple=300941 l5=354788 share=3.07%
POINTWISE: phase=verify simple=73261 l5=133007 share=2.55%
REQUEST: id=1 input=4
REFERENCE: pk/sk/signature match portable C byte-for-byte
STACK: peak=5104 of 7776 paintable (slab 8192)   ARENA: peak=67648 of 90112 fail=0
primitive               calls
keccak_f1600_x1           813
keccak_f1600_x4           156
poly_ntt                   88
poly_invntt               169
rej_uniform                 0
poly_pointwise            109
pointwise_acc_l5           66
ARM: keccak=sg25 unroll=1 ntt=reg32 nttmul=d nttbf=d pointwise=ise l5=w32 ablate=none
SAMPLER_ARM: matrix=warp
SHAKE_EXTRACT_ARM: x4=warp
CYCLES: keypair=9821806 sign=54622149 verify=5064752 total=69508707
POINTWISE: phase=keypair simple=0 l5=137957 share=1.40%
POINTWISE: phase=sign simple=1153639 l5=1038335 share=4.01%
POINTWISE: phase=verify simple=72655 l5=109771 share=3.60%
REQUEST: id=2 input=5
REFERENCE: pk/sk/signature match portable C byte-for-byte
STACK: peak=5104 of 7776 paintable (slab 8192)   ARENA: peak=67648 of 90112 fail=0
primitive               calls
keccak_f1600_x1           615
keccak_f1600_x4           126
poly_ntt                   52
poly_invntt                58
rej_uniform                 0
poly_pointwise             34
pointwise_acc_l5           30
ARM: keccak=sg25 unroll=1 ntt=reg32 nttmul=d nttbf=d pointwise=ise l5=w32 ablate=none
SAMPLER_ARM: matrix=warp
SHAKE_EXTRACT_ARM: x4=warp
CYCLES: keypair=9835337 sign=26015917 verify=6912812 total=42764066
POINTWISE: phase=keypair simple=0 l5=127941 share=1.30%
POINTWISE: phase=sign simple=328872 l5=438856 share=2.95%
POINTWISE: phase=verify simple=81630 l5=95878 share=2.57%
REQUEST: id=3 input=6
REFERENCE: pk/sk/signature match portable C byte-for-byte
STACK: peak=5104 of 7776 paintable (slab 8192)   ARENA: peak=67648 of 90112 fail=0
primitive               calls
keccak_f1600_x1           582
keccak_f1600_x4           121
poly_ntt                   46
poly_invntt                43
rej_uniform                 0
poly_pointwise             25
pointwise_acc_l5           24
ARM: keccak=sg25 unroll=1 ntt=reg32 nttmul=d nttbf=d pointwise=ise l5=w32 ablate=none
SAMPLER_ARM: matrix=warp
SHAKE_EXTRACT_ARM: x4=warp
CYCLES: keypair=9840610 sign=19921149 verify=8001033 total=37762792
POINTWISE: phase=keypair simple=0 l5=140652 share=1.43%
POINTWISE: phase=sign simple=220236 l5=351987 share=2.87%
POINTWISE: phase=verify simple=72831 l5=133562 share=2.58%
REQUEST: id=4 input=7
REFERENCE: pk/sk/signature match portable C byte-for-byte
STACK: peak=5104 of 7776 paintable (slab 8192)   ARENA: peak=67648 of 90112 fail=0
primitive               calls
keccak_f1600_x1           879
keccak_f1600_x4           166
poly_ntt                  100
poly_invntt               165
rej_uniform                 0
poly_pointwise             93
pointwise_acc_l5           78
ARM: keccak=sg25 unroll=1 ntt=reg32 nttmul=d nttbf=d pointwise=ise l5=w32 ablate=none
SAMPLER_ARM: matrix=warp
SHAKE_EXTRACT_ARM: x4=warp
CYCLES: keypair=9887861 sign=56959843 verify=4442059 total=71289763
POINTWISE: phase=keypair simple=0 l5=89552 share=0.91%
POINTWISE: phase=sign simple=920897 l5=1237099 share=3.79%
POINTWISE: phase=verify simple=56873 l5=84279 share=3.18%
REQUEST: id=5 input=8
REFERENCE: pk/sk/signature match portable C byte-for-byte
STACK: peak=5104 of 7776 paintable (slab 8192)   ARENA: peak=67648 of 90112 fail=0
primitive               calls
keccak_f1600_x1           780
keccak_f1600_x4           151
poly_ntt                   82
poly_invntt               103
rej_uniform                 0
poly_pointwise             49
pointwise_acc_l5           60
ARM: keccak=sg25 unroll=1 ntt=reg32 nttmul=d nttbf=d pointwise=ise l5=w32 ablate=none
SAMPLER_ARM: matrix=warp
SHAKE_EXTRACT_ARM: x4=warp
CYCLES: keypair=9899905 sign=42559507 verify=5878211 total=58337623
POINTWISE: phase=keypair simple=0 l5=119981 share=1.21%
POINTWISE: phase=sign simple=472366 l5=1036384 share=3.55%
POINTWISE: phase=verify simple=65469 l5=89493 share=2.64%
REQUEST: id=6 input=9
REFERENCE: pk/sk/signature match portable C byte-for-byte
STACK: peak=5104 of 7776 paintable (slab 8192)   ARENA: peak=67648 of 90112 fail=0
primitive               calls
keccak_f1600_x1           813
keccak_f1600_x4           156
poly_ntt                   88
poly_invntt               159
rej_uniform                 0
poly_pointwise             99
pointwise_acc_l5           66
ARM: keccak=sg25 unroll=1 ntt=reg32 nttmul=d nttbf=d pointwise=ise l5=w32 ablate=none
SAMPLER_ARM: matrix=warp
SHAKE_EXTRACT_ARM: x4=warp
CYCLES: keypair=9912254 sign=53539942 verify=4944287 total=68396483
POINTWISE: phase=keypair simple=0 l5=145076 share=1.46%
POINTWISE: phase=sign simple=1008434 l5=992102 share=3.74%
POINTWISE: phase=verify simple=69356 l5=110227 share=3.63%
REQUEST: id=7 input=10
REFERENCE: pk/sk/signature match portable C byte-for-byte
STACK: peak=5104 of 7776 paintable (slab 8192)   ARENA: peak=67648 of 90112 fail=0
primitive               calls
keccak_f1600_x1           714
keccak_f1600_x4           141
poly_ntt                   70
poly_invntt               107
rej_uniform                 0
poly_pointwise             65
pointwise_acc_l5           48
ARM: keccak=sg25 unroll=1 ntt=reg32 nttmul=d nttbf=d pointwise=ise l5=w32 ablate=none
SAMPLER_ARM: matrix=warp
SHAKE_EXTRACT_ARM: x4=warp
CYCLES: keypair=10010851 sign=40895811 verify=5986085 total=56892747
POINTWISE: phase=keypair simple=0 l5=89438 share=0.89%
POINTWISE: phase=sign simple=690457 l5=657450 share=3.30%
POINTWISE: phase=verify simple=69797 l5=106976 share=2.95%
BATCH: requests=8 first_input=3 makespan=71289780
PERF: instrs=20219488, cycles=71583757, IPC=0.282
PASSED!
