ML-DSA-65  pk=1952 sk=4032 sig=3309
[mldsa] device_open
SCHEDULING: requests=1 workers=1 waves=1
CONFIG: driver=simx clusters=1 cores=1 warps=8 threads=32 M=1 L=32 l2=0 l3=0 lmem=16384B line=64B isa=0x303340901100
[mldsa] buffer_create
[mldsa] module_load
[mldsa] upload inputs
[mldsa] launch
[mldsa] readback
[mldsa] wait
[VXDRV] Warning: CP has not retired a command in 10s.
[VXDRV]   Q_SEQNUM=29 target=30 CP_CTRL=0x00000001 CP_STATUS=0x00000001 Q_ERROR=0x00000000
[VXDRV]   RING_BASE=0x0000612a98bf5e00 HEAD_ADDR=0x0000612a98c05e80 CMPL_ADDR=0x0000612a98c05f80
[VXDRV]   RING_SIZE_LOG2=16 Q_CONTROL=0x00000001 Q_TAIL=0x0000000000000780
[VXDRV]   The ring was accepted but nothing is executing. Set VORTEX_CP_POLL_TIMEOUT_S=<sec> to abort instead of spinning.
[mldsa] verify
REQUEST: id=0 input=1
REFERENCE: pk/sk/signature match portable C byte-for-byte
STACK: peak=5104 of 7776 paintable (slab 8192)   ARENA: peak=67648 of 90112 fail=0
primitive               calls
keccak_f1600_x1           780
keccak_f1600_x4           151
poly_ntt                   82
poly_invntt               125
rej_uniform                 0
poly_pointwise             71
pointwise_acc_l5           60
ARM: keccak=sg25 unroll=1 ntt=reg32 nttmul=d nttbf=d pointwise=ise l5=w32 ablate=none
SAMPLER_ARM: matrix=warp
SHAKE_EXTRACT_ARM: x4=warp
CYCLES: keypair=4372063 sign=25608996 verify=4072635 total=34053694
POINTWISE: phase=keypair simple=0 l5=85468 share=1.95%
POINTWISE: phase=sign simple=580473 l5=678500 share=4.92%
POINTWISE: phase=verify simple=55432 l5=85322 share=3.46%
BATCH: requests=1 first_input=1 makespan=34053694
PERF: instrs=2903667, cycles=34293630, IPC=0.085
PASSED!
