ML-DSA-65  pk=1952 sk=4032 sig=3309
[mldsa] device_open
SCHEDULING: requests=1 workers=1 waves=1
CONFIGS: num_threads=32, num_warps=8, num_cores=1, num_clusters=1, socket_size=1, local_mem_base=0xffff0000, num_barriers=8
CONFIG: driver=xrt clusters=1 cores=1 warps=8 threads=32 M=1 L=32 l2=0 l3=0 lmem=16384B line=64B isa=0x303340901100
[mldsa] buffer_create
[mldsa] module_load
[mldsa] upload inputs
[mldsa] launch
[mldsa] readback
[mldsa] wait
[VXDRV] Warning: CP has not retired a command in 10s.
[VXDRV]   Q_SEQNUM=29 target=30 CP_CTRL=0x00000001 CP_STATUS=0x00000000 Q_ERROR=0x00000000
[VXDRV]   RING_BASE=0x000062ae25c2ce00 HEAD_ADDR=0x000062ae25c3ce80 CMPL_ADDR=0x000062ae25c3cf40
[VXDRV]   RING_SIZE_LOG2=16 Q_CONTROL=0x00000001 Q_TAIL=0x0000000000000780
[VXDRV]   The ring was accepted but nothing is executing. Set VORTEX_CP_POLL_TIMEOUT_S=<sec> to abort instead of spinning.
[mldsa] verify
REQUEST: id=0 input=3
REFERENCE: pk/sk/signature match portable C byte-for-byte
STACK: peak=5104 of 7776 paintable (slab 8192)   ARENA: peak=67648 of 90112 fail=0
primitive               calls
keccak_f1600_x1           582
keccak_f1600_x4           121
poly_ntt                   46
poly_invntt                49
rej_uniform                 0
poly_pointwise             31
pointwise_acc_l5           24
ARM: keccak=sg25 unroll=1 ntt=reg32 nttmul=d nttbf=d pointwise=ise l5=w32 ablate=none
SAMPLER_ARM: matrix=warp
SHAKE_EXTRACT_ARM: x4=warp
CYCLES: keypair=4323063 sign=9586523 verify=4044645 total=17954231
POINTWISE: phase=keypair simple=0 l5=85976 share=1.99%
POINTWISE: phase=sign simple=225449 l5=169442 share=4.12%
POINTWISE: phase=verify simple=57194 l5=85145 share=3.52%
BATCH: requests=1 first_input=3 makespan=17954231
PERF: instrs=1510539, cycles=18182492, IPC=0.083
PASSED!
