ML-DSA-65  pk=1952 sk=4032 sig=3309
[mldsa] device_open
SCHEDULING: requests=1 workers=1 waves=1
CONFIG: driver=simx clusters=1 cores=1 warps=8 threads=32 M=1 L=32 l2=0 l3=0 lmem=16384B line=64B isa=0x303340901100
[mldsa] buffer_create
[mldsa] module_load
[mldsa] upload inputs
[mldsa] launch
[mldsa] readback
[mldsa] wait
[VXDRV] Warning: CP has not retired a command in 10s.
[VXDRV]   Q_SEQNUM=29 target=30 CP_CTRL=0x00000001 CP_STATUS=0x00000001 Q_ERROR=0x00000000
[VXDRV]   RING_BASE=0x0000564e2c137e00 HEAD_ADDR=0x0000564e2c147e80 CMPL_ADDR=0x0000564e2c147f80
[VXDRV]   RING_SIZE_LOG2=16 Q_CONTROL=0x00000001 Q_TAIL=0x0000000000000780
[VXDRV]   The ring was accepted but nothing is executing. Set VORTEX_CP_POLL_TIMEOUT_S=<sec> to abort instead of spinning.
#0: DBOT: p=0 a=295095 s=350697 m=515418 u=492704
#0: DSPONGE: p=0 a1=161581 a4=133514 s1=193038 s4=157659
#0: DBOT: p=1 a=855489 s=1195403 m=514267 u=491687
#0: DSPONGE: p=1 a1=621778 a4=233711 s1=911974 s4=283429
#0: DBOT: p=2 a=309617 s=341746 m=515031 u=492279
#0: DSPONGE: p=2 a1=235816 a4=73801 s1=206752 s4=134994
#0: DATT: n=8 t=23520527
#0: DCORE: 0
#0: DSEX: y=1664383 mat=490892 dec=6332760 hash=74362 chall=308234 z=4959511 hint=3371521
[mldsa] verify
REQUEST: id=0 input=1
REFERENCE: pk/sk/signature match portable C byte-for-byte
STACK: peak=5392 of 7728 paintable (slab 8192)   ARENA: peak=67648 of 90112 fail=0
primitive               calls
keccak_f1600_x1           780
keccak_f1600_x4           151
poly_ntt                   82
poly_invntt               125
rej_uniform                 0
poly_pointwise             71
pointwise_acc_l5           60
ARM: keccak=sg25 unroll=1 ntt=reg32 nttmul=d nttbf=d pointwise=ise l5=w32 ablate=none
SAMPLER_ARM: matrix=warp
CYCLES: keypair=4424275 sign=25929424 verify=4097902 total=34451601
POINTWISE: phase=keypair simple=0 l5=85025 share=1.92%
DETAIL: phase=keypair permute=790601 ntt=42836 intt=56239 pointwise=85025 residual=3449574 total=4424275
POINTWISE: phase=sign simple=586899 l5=681339 share=4.89%
DETAIL: phase=sign permute=1755721 ntt=542711 intt=1031033 pointwise=1268238 residual=21331721 total=25929424
POINTWISE: phase=verify simple=54982 l5=85506 share=3.43%
DETAIL: phase=verify permute=728229 ntt=99763 intt=54129 pointwise=140488 residual=3075293 total=4097902
BATCH: requests=1 first_input=1 makespan=34451601
PERF: instrs=3152468, cycles=36674436, IPC=0.086
PASSED!
