ML-DSA-65  pk=1952 sk=4032 sig=3309
[mldsa] device_open
SCHEDULING: requests=1 workers=1 waves=1
CONFIG: driver=simx clusters=1 cores=1 warps=8 threads=32 M=1 L=32 l2=0 l3=0 lmem=16384B line=64B isa=0x303340901100
[mldsa] buffer_create
[mldsa] module_load
[mldsa] upload inputs
[mldsa] launch
[mldsa] readback
[mldsa] wait
[VXDRV] Warning: CP has not retired a command in 10s.
[VXDRV]   Q_SEQNUM=29 target=30 CP_CTRL=0x00000001 CP_STATUS=0x00000001 Q_ERROR=0x00000000
[VXDRV]   RING_BASE=0x0000576a88f35e00 HEAD_ADDR=0x0000576a88f45e80 CMPL_ADDR=0x0000576a88f45f80
[VXDRV]   RING_SIZE_LOG2=16 Q_CONTROL=0x00000001 Q_TAIL=0x0000000000000780
[VXDRV]   The ring was accepted but nothing is executing. Set VORTEX_CP_POLL_TIMEOUT_S=<sec> to abort instead of spinning.
#0: DBOT: p=0 a=294974 s=1773173 m=2155941 u=2133158
#0: DBOT: p=1 a=287069 s=2077549 m=2155468 u=2132927
#0: DBOT: p=2 a=309704 s=1591292 m=2155904 u=2133102
#0: DATT: n=2 t=7722330
#0: DCORE: 5640587
#0: DSEX: y=415902 mat=122658 dec=1583208 hash=18392 chall=77783 z=1317164 hint=2154633
[mldsa] verify
REQUEST: id=0 input=3
REFERENCE: pk/sk/signature match portable C byte-for-byte
STACK: peak=5360 of 7728 paintable (slab 8192)   ARENA: peak=67648 of 90112 fail=0
primitive               calls
keccak_f1600_x1           582
keccak_f1600_x4           121
poly_ntt                   46
poly_invntt                49
rej_uniform                 0
poly_pointwise             31
pointwise_acc_l5           24
ARM: keccak=sg25 unroll=1 ntt=reg32 nttmul=d nttbf=d pointwise=ise l5=w32 ablate=none
SAMPLER_ARM: matrix=scalar
CYCLES: keypair=7471043 sign=13009100 verify=6977498 total=27457641
POINTWISE: phase=keypair simple=0 l5=85178 share=1.14%
DETAIL: phase=keypair permute=780899 ntt=42533 intt=55817 pointwise=85178 residual=6506616 total=7471043
POINTWISE: phase=sign simple=230757 l5=170270 share=3.08%
DETAIL: phase=sign permute=903838 ntt=241988 intt=340532 pointwise=401027 residual=11121715 total=13009100
POINTWISE: phase=verify simple=55923 l5=85222 share=2.02%
DETAIL: phase=verify permute=713545 ntt=100484 intt=54117 pointwise=141145 residual=5968207 total=6977498
BATCH: requests=1 first_input=3 makespan=27457641
PERF: instrs=2528298, cycles=29097208, IPC=0.087
PASSED!
