ML-DSA-65  pk=1952 sk=4032 sig=3309
[mldsa] device_open
SCHEDULING: requests=1 workers=1 waves=1
CONFIG: driver=simx clusters=1 cores=1 warps=8 threads=32 M=1 L=32 l2=0 l3=0 lmem=16384B line=64B isa=0x303340901100
[mldsa] buffer_create
[mldsa] module_load
[mldsa] upload inputs
[mldsa] launch
[mldsa] readback
[mldsa] wait
[VXDRV] Warning: CP has not retired a command in 10s.
[VXDRV]   Q_SEQNUM=29 target=30 CP_CTRL=0x00000001 CP_STATUS=0x00000001 Q_ERROR=0x00000000
[VXDRV]   RING_BASE=0x000063edc7c3ee00 HEAD_ADDR=0x000063edc7c4ee80 CMPL_ADDR=0x000063edc7c4ef80
[VXDRV]   RING_SIZE_LOG2=16 Q_CONTROL=0x00000001 Q_TAIL=0x0000000000000780
[VXDRV]   The ring was accepted but nothing is executing. Set VORTEX_CP_POLL_TIMEOUT_S=<sec> to abort instead of spinning.
#0: DBOT: p=0 a=295068 s=1773080 m=512486 u=489785
#0: DBOT: p=1 a=287069 s=2077265 m=511935 u=489365
#0: DBOT: p=2 a=309625 s=1591214 m=512192 u=489440
#0: DATT: n=2 t=7725276
#0: DCORE: 0
#0: DSEX: y=415817 mat=122652 dec=1583258 hash=18710 chall=77710 z=1316707 hint=2153611
[mldsa] verify
REQUEST: id=0 input=3
REFERENCE: pk/sk/signature match portable C byte-for-byte
STACK: peak=5424 of 7728 paintable (slab 8192)   ARENA: peak=67648 of 90112 fail=0
primitive               calls
keccak_f1600_x1           582
keccak_f1600_x4           121
poly_ntt                   46
poly_invntt                49
rej_uniform                 0
poly_pointwise             31
pointwise_acc_l5           24
ARM: keccak=sg25 unroll=1 ntt=reg32 nttmul=d nttbf=d pointwise=ise l5=w32 ablate=none
SAMPLER_ARM: matrix=warp
CYCLES: keypair=5861202 sign=11393938 verify=5364652 total=22619792
POINTWISE: phase=keypair simple=0 l5=85558 share=1.46%
DETAIL: phase=keypair permute=812977 ntt=43070 intt=56683 pointwise=85558 residual=4862914 total=5861202
POINTWISE: phase=sign simple=225751 l5=170804 share=3.48%
DETAIL: phase=sign permute=935321 ntt=245481 intt=339988 pointwise=396555 residual=9476593 total=11393938
POINTWISE: phase=verify simple=54992 l5=85183 share=2.61%
DETAIL: phase=verify permute=744700 ntt=101284 intt=54715 pointwise=140175 residual=4323778 total=5364652
BATCH: requests=1 first_input=3 makespan=22619792
PERF: instrs=2049773, cycles=24112698, IPC=0.085
PASSED!
