ML-DSA-87  pk=2592 sk=4896 sig=4627
[mldsa] device_open
SCHEDULING: requests=1 workers=1 waves=1
CONFIG: driver=simx clusters=1 cores=1 warps=8 threads=32 M=1 L=32 l2=0 l3=0 lmem=16384B line=64B isa=0x303340901100
[mldsa] buffer_create
[mldsa] module_load
[mldsa] upload inputs
[mldsa] launch
[mldsa] readback
[mldsa] wait
[VXDRV] Warning: CP has not retired a command in 10s.
[VXDRV]   Q_SEQNUM=29 target=30 CP_CTRL=0x00000001 CP_STATUS=0x00000001 Q_ERROR=0x00000000
[VXDRV]   RING_BASE=0x0000615c33bffdc0 HEAD_ADDR=0x0000615c33c0fe00 CMPL_ADDR=0x0000615c33c0ff00
[VXDRV]   RING_SIZE_LOG2=16 Q_CONTROL=0x00000001 Q_TAIL=0x0000000000000780
[VXDRV]   The ring was accepted but nothing is executing. Set VORTEX_CP_POLL_TIMEOUT_S=<sec> to abort instead of spinning.
[mldsa] verify
REQUEST: id=0 input=3
REFERENCE: pk/sk/signature match portable C byte-for-byte
STACK: peak=5296 of 7776 paintable (slab 8192)   ARENA: peak=106816 of 163840 fail=0
primitive               calls
keccak_f1600_x1           968
keccak_f1600_x4           226
poly_ntt                   54
poly_invntt                47
rej_uniform                 0
poly_pointwise             31
pointwise_acc_l5           24
ARM: keccak=sg25 unroll=1 ntt=reg32 nttmul=d nttbf=d pointwise=ise l5=w32 ablate=none
SAMPLER_ARM: matrix=warp eta=scalar
SHAKE_EXTRACT_ARM: x4=warp
SIGN_ARITH_ARM: decompose=warp hint=warp chknorm=warp caddq=warp zunpack=warp
ZEROIZE_ARM: single=warp multi=scalar
CYCLES: keypair=5380564 sign=6902335 verify=4371247 total=16654146
POINTWISE: phase=keypair simple=0 l5=262287 share=4.87%
POINTWISE: phase=sign simple=212203 l5=262469 share=6.88%
POINTWISE: phase=verify simple=75184 l5=263311 share=7.74%
BATCH: requests=1 first_input=3 makespan=16654146
PERF: scheduler: idle=93%, occupancy=1.0 (12%), simt_util=12.2 (38%)
PERF: stalls: fetch=0%, ibuf=0%, scrb=31%, opds=0%, alu=0%, lsu=4%, sfu=0%
PERF: inst_mix: alu=69%, lsu=25%, sfu=6%
PERF: branches: total=103298, divergent=2470 (rate=2%)
PERF: memory: ifetch_lat=5.04, load_lat=105.22, loads=1267053, stores=767840
PERF: instrs=1209624, cycles=16886891, IPC=0.072
PASSED!
