ML-DSA-65  pk=1952 sk=4032 sig=3309
[mldsa] device_open
SCHEDULING: requests=1 workers=1 waves=1
CONFIG: driver=simx clusters=1 cores=1 warps=8 threads=32 M=1 L=32 l2=0 l3=0 lmem=16384B line=64B isa=0x303340901100
[mldsa] buffer_create
[mldsa] module_load
[mldsa] upload inputs
[mldsa] launch
[mldsa] readback
[mldsa] wait
[mldsa] verify
REQUEST: id=0 input=3
REFERENCE: pk/sk/signature match portable C byte-for-byte
STACK: peak=5312 of 7792 paintable (slab 8192)   ARENA: peak=67648 of 90112 fail=0
primitive               calls
keccak_f1600_x1           408
keccak_f1600_x4            86
poly_ntt                   34
poly_invntt                43
rej_uniform                 0
poly_pointwise             25
pointwise_acc_l5           18
ARM: keccak=sg25 unroll=1 ntt=reg32 nttmul=d nttbf=d pointwise=ise l5=w32 ablate=none
SAMPLER_ARM: matrix=warp eta=scalar
SHAKE_EXTRACT_ARM: x4=warp
SIGN_ARITH_ARM: decompose=warp hint=warp chknorm=warp caddq=warp zunpack=warp
ZEROIZE_ARM: single=warp multi=scalar
CYCLES: keypair=3869131 sign=6776460 verify=0 total=10645591
POINTWISE: phase=keypair simple=0 l5=85646 share=2.21%
POINTWISE: phase=sign simple=228462 l5=170314 share=5.88%
POINTWISE: phase=verify simple=0 l5=0 share=0.00%
BATCH: requests=1 first_input=3 makespan=10645591
PERF: scheduler: idle=93%, occupancy=1.0 (12%), simt_util=8.7 (27%)
PERF: stalls: fetch=0%, ibuf=0%, scrb=27%, opds=0%, alu=0%, lsu=4%, sfu=0%
PERF: inst_mix: alu=67%, lsu=26%, sfu=8%
PERF: branches: total=75589, divergent=1035 (rate=1%)
PERF: memory: ifetch_lat=5.05, load_lat=104.99, loads=640280, stores=400877
PERF: instrs=802126, cycles=10878558, IPC=0.074
PASSED!
