ML-DSA-44  pk=1312 sk=2560 sig=2420
[mldsa] device_open
SCHEDULING: requests=1 workers=1 waves=1
CONFIG: driver=simx clusters=1 cores=1 warps=8 threads=32 M=1 L=32 l2=0 l3=0 lmem=16384B line=64B isa=0x303340901100
[mldsa] buffer_create
[mldsa] module_load
[mldsa] upload inputs
[mldsa] launch
[mldsa] readback
[mldsa] wait
[VXDRV] Warning: CP has not retired a command in 10s.
[VXDRV]   Q_SEQNUM=29 target=30 CP_CTRL=0x00000001 CP_STATUS=0x00000001 Q_ERROR=0x00000000
[VXDRV]   RING_BASE=0x00005ce337895dc0 HEAD_ADDR=0x00005ce3378a5e00 CMPL_ADDR=0x00005ce3378a5f00
[VXDRV]   RING_SIZE_LOG2=16 Q_CONTROL=0x00000001 Q_TAIL=0x0000000000000780
[VXDRV]   The ring was accepted but nothing is executing. Set VORTEX_CP_POLL_TIMEOUT_S=<sec> to abort instead of spinning.
[mldsa] verify
REQUEST: id=0 input=3
REFERENCE: pk/sk/signature match portable C byte-for-byte
STACK: peak=5312 of 7792 paintable (slab 8192)   ARENA: peak=44064 of 90112 fail=0
primitive               calls
keccak_f1600_x1           620
keccak_f1600_x4           123
poly_ntt                   85
poly_invntt               123
rej_uniform                 0
poly_pointwise             71
pointwise_acc_l5           56
ARM: keccak=sg25 unroll=1 ntt=reg32 nttmul=d nttbf=d pointwise=ise l5=w32 ablate=none
SAMPLER_ARM: matrix=warp eta=scalar
SHAKE_EXTRACT_ARM: x4=warp
SIGN_ARITH_ARM: decompose=warp hint=warp chknorm=warp caddq=warp zunpack=warp
ZEROIZE_ARM: single=warp multi=scalar
CYCLES: keypair=2191061 sign=15598477 verify=1781720 total=19571258
POINTWISE: phase=keypair simple=0 l5=36393 share=1.66%
POINTWISE: phase=sign simple=391811 l5=427446 share=5.25%
POINTWISE: phase=verify simple=23914 l5=36365 share=3.38%
BATCH: requests=1 first_input=3 makespan=19571258
PERF: scheduler: idle=93%, occupancy=1.0 (12%), simt_util=8.7 (27%)
PERF: stalls: fetch=0%, ibuf=0%, scrb=31%, opds=0%, alu=0%, lsu=6%, sfu=0%
PERF: inst_mix: alu=64%, lsu=31%, sfu=6%
PERF: branches: total=121099, divergent=1742 (rate=1%)
PERF: memory: ifetch_lat=5.07, load_lat=108.39, loads=1314942, stores=821213
PERF: instrs=1436971, cycles=19804500, IPC=0.073
PASSED!
