ML-DSA-65  pk=1952 sk=4032 sig=3309
[mldsa] device_open
SCHEDULING: requests=1 workers=1 waves=1
CONFIG: driver=simx clusters=1 cores=1 warps=8 threads=32 M=1 L=32 l2=0 l3=0 lmem=16384B line=64B isa=0x303340901100
[mldsa] buffer_create
[mldsa] module_load
[mldsa] upload inputs
[mldsa] launch
[mldsa] readback
[mldsa] wait
[VXDRV] Warning: CP has not retired a command in 10s.
[VXDRV]   Q_SEQNUM=29 target=30 CP_CTRL=0x00000001 CP_STATUS=0x00000001 Q_ERROR=0x00000000
[VXDRV]   RING_BASE=0x00006461004a2dc0 HEAD_ADDR=0x00006461004b2e00 CMPL_ADDR=0x00006461004b2f00
[VXDRV]   RING_SIZE_LOG2=16 Q_CONTROL=0x00000001 Q_TAIL=0x0000000000000780
[VXDRV]   The ring was accepted but nothing is executing. Set VORTEX_CP_POLL_TIMEOUT_S=<sec> to abort instead of spinning.
[mldsa] verify
REQUEST: id=0 input=3
REFERENCE: pk/sk/signature match portable C byte-for-byte
STACK: peak=5136 of 7776 paintable (slab 8192)   ARENA: peak=67648 of 90112 fail=0
primitive               calls
keccak_f1600_x1           582
keccak_f1600_x4           121
poly_ntt                   46
poly_invntt                49
rej_uniform                 0
poly_pointwise             31
pointwise_acc_l5           24
ARM: keccak=sg25 unroll=1 ntt=reg32 nttmul=d nttbf=d pointwise=ise l5=w32 ablate=none
SAMPLER_ARM: matrix=warp eta=scalar
SHAKE_EXTRACT_ARM: x4=warp
SIGN_ARITH_ARM: decompose=warp hint=warp chknorm=warp caddq=warp zunpack=warp
ZEROIZE_ARM: single=scalar multi=scalar
CYCLES: keypair=4198246 sign=7278807 verify=3191750 total=14668803
POINTWISE: phase=keypair simple=0 l5=85845 share=2.04%
POINTWISE: phase=sign simple=226718 l5=169900 share=5.45%
POINTWISE: phase=verify simple=56378 l5=85785 share=4.45%
BATCH: requests=1 first_input=3 makespan=14668803
PERF: scheduler: idle=93%, occupancy=1.0 (12%), simt_util=8.2 (26%)
PERF: stalls: fetch=0%, ibuf=0%, scrb=25%, opds=0%, alu=0%, lsu=4%, sfu=0%
PERF: inst_mix: alu=63%, lsu=29%, sfu=7%
PERF: branches: total=100370, divergent=1352 (rate=1%)
PERF: memory: ifetch_lat=5.04, load_lat=106.33, loads=854547, stores=535149
PERF: instrs=1115568, cycles=14907548, IPC=0.075
PASSED!
