ML-DSA-65  pk=1952 sk=4032 sig=3309
[mldsa] device_open
SCHEDULING: requests=1 workers=1 waves=1
CONFIG: driver=simx clusters=1 cores=1 warps=8 threads=32 M=1 L=32 l2=0 l3=0 lmem=16384B line=64B isa=0x303340901100
[mldsa] buffer_create
[mldsa] module_load
[mldsa] upload inputs
[mldsa] launch
[mldsa] readback
[mldsa] wait
[mldsa] verify
REQUEST: id=0 input=3
REFERENCE: pk/sk match portable C byte-for-byte
STACK: peak=5216 of 7824 paintable (slab 8192)   ARENA: peak=44288 of 90112 fail=0
primitive               calls
keccak_f1600_x1           190
keccak_f1600_x4            41
poly_ntt                    5
poly_invntt                 6
rej_uniform                 0
poly_pointwise              0
pointwise_acc_l5            6
ARM: keccak=sg25 unroll=1 ntt=reg32 nttmul=d nttbf=d pointwise=ise l5=w32 ablate=none
SAMPLER_ARM: matrix=warp eta=scalar
SHAKE_EXTRACT_ARM: x4=warp
SIGN_ARITH_ARM: decompose=warp hint=warp chknorm=warp caddq=warp zunpack=warp
ZEROIZE_ARM: single=warp multi=scalar
CYCLES: keypair=3866701 sign=0 verify=0 total=3866701
POINTWISE: phase=keypair simple=0 l5=85808 share=2.22%
POINTWISE: phase=sign simple=0 l5=0 share=0.00%
POINTWISE: phase=verify simple=0 l5=0 share=0.00%
BATCH: requests=1 first_input=3 makespan=3866701
PERF: scheduler: idle=92%, occupancy=1.0 (12%), simt_util=8.6 (27%)
PERF: stalls: fetch=0%, ibuf=0%, scrb=23%, opds=0%, alu=0%, lsu=2%, sfu=0%
PERF: inst_mix: alu=70%, lsu=21%, sfu=10%
PERF: branches: total=31928, divergent=462 (rate=1%)
PERF: memory: ifetch_lat=5.04, load_lat=98.18, loads=202754, stores=134731
PERF: instrs=313879, cycles=4104788, IPC=0.076
PASSED!
