ML-DSA-44  pk=1312 sk=2560 sig=2420
[mldsa] device_open
SCHEDULING: requests=1 workers=1 waves=1
CONFIG: driver=simx clusters=1 cores=1 warps=8 threads=32 M=1 L=32 l2=0 l3=0 lmem=16384B line=64B isa=0x303340901100
[mldsa] buffer_create
[mldsa] module_load
[mldsa] upload inputs
[mldsa] launch
[mldsa] readback
[mldsa] wait
[VXDRV] Warning: CP has not retired a command in 10s.
[VXDRV]   Q_SEQNUM=29 target=30 CP_CTRL=0x00000001 CP_STATUS=0x00000001 Q_ERROR=0x00000000
[VXDRV]   RING_BASE=0x00005e6822605e00 HEAD_ADDR=0x00005e6822615e80 CMPL_ADDR=0x00005e6822615f80
[VXDRV]   RING_SIZE_LOG2=16 Q_CONTROL=0x00000001 Q_TAIL=0x0000000000000780
[VXDRV]   The ring was accepted but nothing is executing. Set VORTEX_CP_POLL_TIMEOUT_S=<sec> to abort instead of spinning.
#0: DBOT: p=0 a=187579 s=943597 m=1353729 u=1340983
#0: DBOT: p=1 a=412747 s=1530715 m=1353766 u=1341056
#0: DBOT: p=2 a=220815 s=824459 m=1354203 u=1341488
#0: DATT: n=4 t=10249595
#0: DSEX: y=777711 mat=194036 dec=2367880 hash=36856 chall=136060 z=1677915 hint=2230691
[mldsa] verify
REQUEST: id=0 input=1
REFERENCE: pk/sk/signature match portable C byte-for-byte
STACK: peak=5296 of 7728 paintable (slab 8192)   ARENA: peak=44064 of 90112 fail=0
primitive               calls
keccak_f1600_x1           400
keccak_f1600_x4            84
poly_ntt                   45
poly_invntt                55
rej_uniform                 0
poly_pointwise             35
pointwise_acc_l5           24
ARM: keccak=sg25 unroll=1 ntt=reg32 nttmul=d nttbf=d pointwise=ise l5=w32 ablate=none
CYCLES: keypair=4438386 sign=13354651 verify=4392179 total=22185216
POINTWISE: phase=keypair simple=0 l5=36212 share=0.82%
DETAIL: phase=keypair permute=442414 ntt=33716 intt=37639 pointwise=36212 residual=3888405 total=4438386
POINTWISE: phase=sign simple=182756 l5=144247 share=2.45%
DETAIL: phase=sign permute=808088 ntt=267249 intt=430831 pointwise=327003 residual=11521480 total=13354651
POINTWISE: phase=verify simple=23962 l5=35851 share=1.36%
DETAIL: phase=verify permute=408801 ntt=76061 intt=37301 pointwise=59813 residual=3810203 total=4392179
BATCH: requests=1 first_input=1 makespan=22185216
PERF: instrs=2089567, cycles=23740007, IPC=0.088
PASSED!
