ML-DSA-65  pk=1952 sk=4032 sig=3309
[mldsa] device_open
SCHEDULING: requests=1 workers=1 waves=1
CONFIG: driver=simx clusters=1 cores=1 warps=8 threads=32 M=1 L=32 l2=0 l3=0 lmem=16384B line=64B isa=0x303340901100
[mldsa] buffer_create
[mldsa] module_load
[mldsa] upload inputs
[mldsa] launch
[mldsa] readback
[mldsa] wait
[VXDRV] Warning: CP has not retired a command in 10s.
[VXDRV]   Q_SEQNUM=29 target=30 CP_CTRL=0x00000001 CP_STATUS=0x00000001 Q_ERROR=0x00000000
[VXDRV]   RING_BASE=0x00005818d89a8e00 HEAD_ADDR=0x00005818d89b8e80 CMPL_ADDR=0x00005818d89b8f80
[VXDRV]   RING_SIZE_LOG2=16 Q_CONTROL=0x00000001 Q_TAIL=0x0000000000000780
[VXDRV]   The ring was accepted but nothing is executing. Set VORTEX_CP_POLL_TIMEOUT_S=<sec> to abort instead of spinning.
#0: DBOT: p=0 a=294982 s=1773176 m=2549438 u=2526753
#0: DBOT: p=1 a=287004 s=2077333 m=2548689 u=2526324
#0: DBOT: p=2 a=309487 s=1591333 m=2549445 u=2526767
#0: DATT: n=2 t=7711868
#0: DSEX: y=415547 mat=122951 dec=1583162 hash=18456 chall=77717 z=1316947 hint=2153615
[mldsa] verify
REQUEST: id=0 input=3
REFERENCE: pk/sk/signature match portable C byte-for-byte
STACK: peak=5328 of 7728 paintable (slab 8192)   ARENA: peak=67648 of 90112 fail=0
primitive               calls
keccak_f1600_x1           582
keccak_f1600_x4           121
poly_ntt                   46
poly_invntt                49
rej_uniform                 0
poly_pointwise             31
pointwise_acc_l5           24
ARM: keccak=sg25 unroll=1 ntt=reg32 nttmul=d nttbf=d pointwise=ise l5=w32 ablate=none
CYCLES: keypair=7868944 sign=13391554 verify=7372547 total=28633045
POINTWISE: phase=keypair simple=0 l5=85201 share=1.08%
DETAIL: phase=keypair permute=784123 ntt=42627 intt=56978 pointwise=85201 residual=6900015 total=7868944
POINTWISE: phase=sign simple=226776 l5=170005 share=2.96%
DETAIL: phase=sign permute=903344 ntt=242372 intt=335986 pointwise=396781 residual=11513071 total=13391554
POINTWISE: phase=verify simple=56355 l5=85691 share=1.93%
DETAIL: phase=verify permute=713803 ntt=101094 intt=54058 pointwise=142046 residual=6361546 total=7372547
BATCH: requests=1 first_input=3 makespan=28633045
PERF: instrs=2599860, cycles=30191913, IPC=0.086
PASSED!
