ML-DSA-65  pk=1952 sk=4032 sig=3309
[mldsa] device_open
SCHEDULING: requests=1 workers=1 waves=1
CONFIG: driver=simx clusters=1 cores=1 warps=8 threads=32 M=1 L=32 l2=0 l3=0 lmem=16384B line=64B isa=0x303340901100
[mldsa] buffer_create
[mldsa] module_load
[mldsa] upload inputs
[mldsa] launch
[mldsa] readback
[mldsa] wait
[VXDRV] Warning: CP has not retired a command in 10s.
[VXDRV]   Q_SEQNUM=29 target=30 CP_CTRL=0x00000001 CP_STATUS=0x00000001 Q_ERROR=0x00000000
[VXDRV]   RING_BASE=0x0000626b5b517e00 HEAD_ADDR=0x0000626b5b527e80 CMPL_ADDR=0x0000626b5b527f80
[VXDRV]   RING_SIZE_LOG2=16 Q_CONTROL=0x00000001 Q_TAIL=0x0000000000000780
[VXDRV]   The ring was accepted but nothing is executing. Set VORTEX_CP_POLL_TIMEOUT_S=<sec> to abort instead of spinning.
#0: DBOT: p=0 a=294982 s=1773176 m=2550183 u=2527498
#0: DBOT: p=1 a=760620 s=3343264 m=2549434 u=2527069
#0: DBOT: p=2 a=309515 s=1591297 m=2550156 u=2527512
#0: DATT: n=7 t=21778385
#0: DSEX: y=1455271 mat=430518 dec=5540684 hash=64541 chall=270840 z=3776142 hint=3675062
[mldsa] verify
REQUEST: id=0 input=2
REFERENCE: pk/sk/signature match portable C byte-for-byte
STACK: peak=5328 of 7728 paintable (slab 8192)   ARENA: peak=67648 of 90112 fail=0
primitive               calls
keccak_f1600_x1           747
keccak_f1600_x4           146
poly_ntt                   76
poly_invntt               113
rej_uniform                 0
poly_pointwise             65
pointwise_acc_l5           54
ARM: keccak=sg25 unroll=1 ntt=reg32 nttmul=d nttbf=d pointwise=ise l5=w32 ablate=none
CYCLES: keypair=7904422 sign=27461233 verify=7372980 total=42738635
POINTWISE: phase=keypair simple=0 l5=85201 share=1.08%
DETAIL: phase=keypair permute=784123 ntt=42627 intt=56978 pointwise=85201 residual=6935493 total=7904422
POINTWISE: phase=sign simple=536744 l5=596601 share=4.13%
DETAIL: phase=sign permute=1594443 ntt=494962 intt=916884 pointwise=1133345 residual=23321599 total=27461233
POINTWISE: phase=verify simple=56355 l5=85699 share=1.93%
DETAIL: phase=verify permute=713875 ntt=101072 intt=54058 pointwise=142054 residual=6361921 total=7372980
BATCH: requests=1 first_input=2 makespan=42738635
PERF: instrs=3842210, cycles=44361664, IPC=0.087
PASSED!
