ML-DSA-65  pk=1952 sk=4032 sig=3309
[mldsa] device_open
SCHEDULING: requests=1 workers=1 waves=1
CONFIG: driver=simx clusters=1 cores=1 warps=8 threads=32 M=1 L=32 l2=0 l3=0 lmem=16384B line=64B isa=0x303340901100
[mldsa] buffer_create
[mldsa] module_load
[mldsa] upload inputs
[mldsa] launch
[mldsa] readback
[mldsa] wait
[VXDRV] Warning: CP has not retired a command in 10s.
[VXDRV]   Q_SEQNUM=29 target=30 CP_CTRL=0x00000001 CP_STATUS=0x00000001 Q_ERROR=0x00000000
[VXDRV]   RING_BASE=0x00005a2ed2925e00 HEAD_ADDR=0x00005a2ed2935e80 CMPL_ADDR=0x00005a2ed2935f80
[VXDRV]   RING_SIZE_LOG2=16 Q_CONTROL=0x00000001 Q_TAIL=0x0000000000000780
[VXDRV]   The ring was accepted but nothing is executing. Set VORTEX_CP_POLL_TIMEOUT_S=<sec> to abort instead of spinning.
#0: DBOT: p=0 a=294974 s=1773173 m=2156505 u=2133722
#0: DBOT: p=1 a=855339 s=3597093 m=2156045 u=2133504
#0: DBOT: p=2 a=309660 s=1591336 m=2156480 u=2133678
#0: DATT: n=8 t=24690040
#0: DCORE: 5642304
#0: DSEX: y=1664558 mat=490564 dec=6332102 hash=73460 chall=308783 z=4961000 hint=3373583
[mldsa] verify
REQUEST: id=0 input=1
REFERENCE: pk/sk/signature match portable C byte-for-byte
STACK: peak=5360 of 7728 paintable (slab 8192)   ARENA: peak=67648 of 90112 fail=0
primitive               calls
keccak_f1600_x1           780
keccak_f1600_x4           151
poly_ntt                   82
poly_invntt               125
rej_uniform                 0
poly_pointwise             71
pointwise_acc_l5           60
ARM: keccak=sg25 unroll=1 ntt=reg32 nttmul=d nttbf=d pointwise=ise l5=w32 ablate=none
CYCLES: keypair=7477699 sign=29980267 verify=6975878 total=44433844
POINTWISE: phase=keypair simple=0 l5=85178 share=1.14%
DETAIL: phase=keypair permute=780899 ntt=42533 intt=55817 pointwise=85178 residual=6513272 total=7477699
POINTWISE: phase=sign simple=601583 l5=682283 share=4.28%
DETAIL: phase=sign permute=1731859 ntt=547970 intt=1039607 pointwise=1283866 residual=25376965 total=29980267
POINTWISE: phase=verify simple=55622 l5=85222 share=2.02%
DETAIL: phase=verify permute=713537 ntt=100329 intt=54131 pointwise=140844 residual=5967037 total=6975878
BATCH: requests=1 first_input=1 makespan=44433844
PERF: instrs=4023879, cycles=46142746, IPC=0.087
PASSED!
