ML-DSA-65  pk=1952 sk=4032 sig=3309
[mldsa] device_open
SCHEDULING: requests=1 workers=1 waves=1
CONFIG: driver=simx clusters=1 cores=1 warps=8 threads=32 M=1 L=32 l2=0 l3=0 lmem=16384B line=64B isa=0x303340901100
[mldsa] buffer_create
[mldsa] module_load
[mldsa] upload inputs
[mldsa] launch
[mldsa] readback
[mldsa] wait
[VXDRV] Warning: CP has not retired a command in 10s.
[VXDRV]   Q_SEQNUM=29 target=30 CP_CTRL=0x00000001 CP_STATUS=0x00000001 Q_ERROR=0x00000000
[VXDRV]   RING_BASE=0x00005c1bead19e00 HEAD_ADDR=0x00005c1bead29e80 CMPL_ADDR=0x00005c1bead29f80
[VXDRV]   RING_SIZE_LOG2=16 Q_CONTROL=0x00000001 Q_TAIL=0x0000000000000780
[VXDRV]   The ring was accepted but nothing is executing. Set VORTEX_CP_POLL_TIMEOUT_S=<sec> to abort instead of spinning.
#0: DBOT: p=0 a=294982 s=1773176 m=2550148 u=2527463
#0: DBOT: p=1 a=855276 s=3596499 m=2549395 u=2527030
#0: DBOT: p=2 a=309479 s=1591305 m=2550151 u=2527473
#0: DATT: n=8 t=24664280
#0: DSEX: y=1663325 mat=491993 dec=6332130 hash=73758 chall=308315 z=4960598 hint=3371458
[mldsa] verify
REQUEST: id=0 input=1
REFERENCE: pk/sk/signature match portable C byte-for-byte
STACK: peak=5328 of 7728 paintable (slab 8192)   ARENA: peak=67648 of 90112 fail=0
primitive               calls
keccak_f1600_x1           780
keccak_f1600_x4           151
poly_ntt                   82
poly_invntt               125
rej_uniform                 0
poly_pointwise             71
pointwise_acc_l5           60
ARM: keccak=sg25 unroll=1 ntt=reg32 nttmul=d nttbf=d pointwise=ise l5=w32 ablate=none
CYCLES: keypair=7875776 sign=30347583 verify=7371452 total=45594811
POINTWISE: phase=keypair simple=0 l5=85201 share=1.08%
DETAIL: phase=keypair permute=784123 ntt=42627 intt=56978 pointwise=85201 residual=6906847 total=7875776
POINTWISE: phase=sign simple=591989 l5=681781 share=4.20%
DETAIL: phase=sign permute=1732776 ntt=546692 intt=1027324 pointwise=1273770 residual=25767021 total=30347583
POINTWISE: phase=verify simple=56355 l5=85691 share=1.93%
DETAIL: phase=verify permute=713845 ntt=101072 intt=54058 pointwise=142046 residual=6360431 total=7371452
BATCH: requests=1 first_input=1 makespan=45594811
PERF: instrs=4095352, cycles=47223014, IPC=0.087
PASSED!
