ML-DSA-87  pk=2592 sk=4896 sig=4627
[mldsa] device_open
SCHEDULING: requests=1 workers=1 waves=1
CONFIG: driver=simx clusters=1 cores=1 warps=8 threads=32 M=1 L=32 l2=0 l3=0 lmem=16384B line=64B isa=0x303340901100
[mldsa] buffer_create
[mldsa] module_load
[mldsa] upload inputs
[mldsa] launch
[mldsa] readback
[mldsa] wait
[VXDRV] Warning: CP has not retired a command in 10s.
[VXDRV]   Q_SEQNUM=29 target=30 CP_CTRL=0x00000001 CP_STATUS=0x00000001 Q_ERROR=0x00000000
[VXDRV]   RING_BASE=0x00005e1e65f49e00 HEAD_ADDR=0x00005e1e65f59e80 CMPL_ADDR=0x00005e1e65f59f80
[VXDRV]   RING_SIZE_LOG2=16 Q_CONTROL=0x00000001 Q_TAIL=0x0000000000000780
[VXDRV]   The ring was accepted but nothing is executing. Set VORTEX_CP_POLL_TIMEOUT_S=<sec> to abort instead of spinning.
#0: DBOT: p=0 a=432796 s=3052298 m=4730985 u=4694671
#0: DBOT: p=1 a=556572 s=3823246 m=4729976 u=4693831
#0: DBOT: p=2 a=448671 s=2805108 m=4731599 u=4695081
#0: DATT: n=3 t=14011590
#0: DSEX: y=978864 mat=253576 dec=2907354 hash=27582 chall=133393 z=2393117 hint=2895365
[mldsa] verify
REQUEST: id=0 input=1
REFERENCE: pk/sk/signature match portable C byte-for-byte
STACK: peak=5328 of 7728 paintable (slab 8192)   ARENA: peak=106816 of 163840 fail=0
primitive               calls
keccak_f1600_x1          1076
keccak_f1600_x4           248
poly_ntt                   70
poly_invntt                81
rej_uniform                 0
poly_pointwise             49
pointwise_acc_l5           40
ARM: keccak=sg25 unroll=1 ntt=reg32 nttmul=d nttbf=d pointwise=ise l5=w32 ablate=none
CYCLES: keypair=12838929 sign=23998499 verify=12440218 total=49277646
POINTWISE: phase=keypair simple=0 l5=262701 share=2.05%
DETAIL: phase=keypair permute=1365570 ntt=60359 intt=74677 pointwise=262701 residual=11075622 total=12838929
POINTWISE: phase=sign simple=366729 l5=784354 share=4.80%
DETAIL: phase=sign permute=1793954 ntt=391120 intt=593615 pointwise=1151083 residual=20068727 total=23998499
POINTWISE: phase=verify simple=74905 l5=263154 share=2.72%
DETAIL: phase=verify permute=1274490 ntt=136074 intt=72612 pointwise=338059 residual=10618983 total=12440218
BATCH: requests=1 first_input=1 makespan=49277646
PERF: instrs=4359576, cycles=50905856, IPC=0.086
PASSED!
