SCHEDULING: requests=1 workers=1 waves=1
CONFIG: driver=simx clusters=1 cores=1 warps=8 threads=32 M=1 L=32 l2=0 l3=0 lmem=16384B line=64B isa=0x303340901100
PARAMETER_SET: ML-KEM-1024
MAPPING: KEM_lanes=1 NTT_lanes=32
#0: KDETAIL: matrix_total=4892088 matrix_nonshake=3992661 rej_total=4824307 rej_nonshake=3924880 noise_total=1042777 noise_nonshake=714311 pack=875809
ARM: id=0 keccak=sg25 fips202=serial ablate=none ntt=reg32 nttmul=k nttbf=sg2 flags=1482712 unroll=1
PHASE_ARM: id=0 direct_intervals=1
ARITH_ARM: id=0 mulcache=w32 basemul=w32 reduce=w32 mul=ise profile=1
STATUS: id=0 keypair=0 encaps=0 decaps=0
KAT: id=0 pk/sk/ct/ss_enc/ss_dec match byte-for-byte
COUNTERS: id=0 keccak_x1=227 keccak_x4=0 ntt=20 intt=11 rej_uniform=48 mulcache=16 basemul=15 poly_reduce=23
REFERENCE C MICROBENCH ESTIMATES (not measured attribution):
primitive               calls     est_cycles
keccak_f1600_x1           227       34453379
keccak_f1600_x4             0              -
poly_ntt                   20        3204400
poly_invntt                11        2745281
rej_uniform                48              -
mulcache                   16              -
basemul                    15              -
poly_reduce                23              -
reference estimate total: 40403060
ARITH_PROFILE: id=0 primitive=mulcache calls=16 cycles=113772 per_request_elapsed_pct=1.256
ARITH_PROFILE: id=0 primitive=basemul calls=15 cycles=151551 per_request_elapsed_pct=1.673
ARITH_PROFILE: id=0 primitive=poly_reduce calls=23 cycles=188305 per_request_elapsed_pct=2.078
PHASE_PROFILE: id=0 phase=keccak_permute cycles=360048 pct=3.974
PHASE_PROFILE: id=0 phase=keccak_absorb cycles=655881 pct=7.238
PHASE_PROFILE: id=0 phase=keccak_squeeze cycles=440951 pct=4.866
PHASE_PROFILE: id=0 phase=ntt cycles=91777 pct=1.013
PHASE_PROFILE: id=0 phase=intt cycles=78328 pct=0.864
PHASE_PROFILE: id=0 phase=mulcache cycles=113772 pct=1.256
PHASE_PROFILE: id=0 phase=basemul cycles=151551 pct=1.673
PHASE_PROFILE: id=0 phase=reduce cycles=188305 pct=2.078
PHASE_PROFILE: id=0 phase=other cycles=6980573 pct=77.038
PHASE_SUM: id=0 measured=2080613 other=6980573 total=9061186
REQUEST: id=0 arm=1482712 keypair=2655376 encaps=3088285 decaps=3317525 total=9061186 start=5183 end=9066369
CYCLES: keypair=2655376 encaps=3088285 decaps=3317525 total=9061186
BATCH: requests=1 start=5183 end=9066369 makespan=9061186
PERF: instrs=741453, cycles=9586977, IPC=0.077
PASSED!
