{
  "completed": 316,
  "planned": 312,
  "planned_completed": 280,
  "pending": [
    "D44_A_m64_w8_s1_xrt",
    "D44_E_m64_w8_s1_xrt",
    "D65_A_m16_w8_s1_xrt",
    "D65_A_m32_w8_s1_xrt",
    "D65_A_m64_w8_s1_xrt",
    "D65_A_m8_w1_s1_xrt",
    "D65_A_m8_w2_s1_xrt",
    "D65_A_m8_w4_s1_xrt",
    "D65_E_m32_w8_s1_xrt",
    "D65_E_m64_w8_s1_xrt",
    "D87_A_m32_w8_s1_xrt",
    "D87_A_m64_w8_s1_xrt",
    "D87_E_m32_w8_s1_xrt",
    "D87_E_m64_w8_s1_xrt"
  ],
  "failed": [],
  "paired": 124,
  "parity_failures": []
}
