SCHEDULING: requests=8 workers=8 waves=1
CONFIGS: num_threads=32, num_warps=8, num_cores=1, num_clusters=1, socket_size=1, local_mem_base=0xffff0000, num_barriers=8
CONFIG: driver=xrt clusters=1 cores=1 warps=8 threads=32 M=8 L=32 l2=0 l3=0 lmem=16384B line=64B isa=0x303340901100
PARAMETER_SET: ML-KEM-768
MAPPING: KEM_lanes=1 NTT_lanes=32
[VXDRV] Warning: CP has not retired a command in 10s.
[VXDRV]   Q_SEQNUM=26 target=27 CP_CTRL=0x00000001 CP_STATUS=0x00000000 Q_ERROR=0x00000000
[VXDRV]   RING_BASE=0x0000621c22a3b800 HEAD_ADDR=0x0000621c22a4b880 CMPL_ADDR=0x0000621c22a369c0
[VXDRV]   RING_SIZE_LOG2=16 Q_CONTROL=0x00000001 Q_TAIL=0x00000000000006c0
[VXDRV]   The ring was accepted but nothing is executing. Set VORTEX_CP_POLL_TIMEOUT_S=<sec> to abort instead of spinning.
ARM: id=0 keccak=sg25 fips202=serial ablate=none ntt=reg32 nttmul=k nttbf=sg2 flags=99786456 unroll=1
SAMPLER_ARM: id=0 matrix=warp
CODEC_ARM: id=0 polybytes=warp compress=warp
NOISE_ARM: id=0 cbd=warp
LINEAR_ARM: id=0 poly=warp
ZEROIZE_ARM: id=0 single=scalar multi=scalar
ARITH_ARM: id=0 mulcache=w32 basemul=w32 reduce=w32 mul=ise profile=0
STATUS: id=0 keypair=0 encaps=0 decaps=0
KAT: id=0 pk/sk/ct/ss_enc/ss_dec match byte-for-byte
COUNTERS: id=0 keccak_x1=140 keccak_x4=0 ntt=15 intt=9 rej_uniform=27 mulcache=12 basemul=12 poly_reduce=18
REFERENCE C MICROBENCH ESTIMATES (not measured attribution):
primitive               calls     est_cycles
keccak_f1600_x1           140       21248780
keccak_f1600_x4             0              -
poly_ntt                   15        2403300
poly_invntt                 9        2246139
rej_uniform                27              -
mulcache                   12              -
basemul                    12              -
poly_reduce                18              -
reference estimate total: 25898219
REQUEST: id=0 arm=99786456 keypair=3150876 encaps=3661934 decaps=3955105 total=10767915 start=6470 end=10774385
ARM: id=1 keccak=sg25 fips202=serial ablate=none ntt=reg32 nttmul=k nttbf=sg2 flags=99786456 unroll=1
SAMPLER_ARM: id=1 matrix=warp
CODEC_ARM: id=1 polybytes=warp compress=warp
NOISE_ARM: id=1 cbd=warp
LINEAR_ARM: id=1 poly=warp
ZEROIZE_ARM: id=1 single=scalar multi=scalar
ARITH_ARM: id=1 mulcache=w32 basemul=w32 reduce=w32 mul=ise profile=0
STATUS: id=1 keypair=0 encaps=0 decaps=0
KAT: id=1 pk/sk/ct/ss_enc/ss_dec match byte-for-byte
COUNTERS: id=1 keccak_x1=140 keccak_x4=0 ntt=15 intt=9 rej_uniform=27 mulcache=12 basemul=12 poly_reduce=18
REFERENCE C MICROBENCH ESTIMATES (not measured attribution):
primitive               calls     est_cycles
keccak_f1600_x1           140       21248780
keccak_f1600_x4             0              -
poly_ntt                   15        2403300
poly_invntt                 9        2246139
rej_uniform                27              -
mulcache                   12              -
basemul                    12              -
poly_reduce                18              -
reference estimate total: 25898219
REQUEST: id=1 arm=99786456 keypair=3149998 encaps=3662859 decaps=3955731 total=10768588 start=6493 end=10775081
ARM: id=2 keccak=sg25 fips202=serial ablate=none ntt=reg32 nttmul=k nttbf=sg2 flags=99786456 unroll=1
SAMPLER_ARM: id=2 matrix=warp
CODEC_ARM: id=2 polybytes=warp compress=warp
NOISE_ARM: id=2 cbd=warp
LINEAR_ARM: id=2 poly=warp
ZEROIZE_ARM: id=2 single=scalar multi=scalar
ARITH_ARM: id=2 mulcache=w32 basemul=w32 reduce=w32 mul=ise profile=0
STATUS: id=2 keypair=0 encaps=0 decaps=0
KAT: id=2 pk/sk/ct/ss_enc/ss_dec match byte-for-byte
COUNTERS: id=2 keccak_x1=140 keccak_x4=0 ntt=15 intt=9 rej_uniform=27 mulcache=12 basemul=12 poly_reduce=18
REFERENCE C MICROBENCH ESTIMATES (not measured attribution):
primitive               calls     est_cycles
keccak_f1600_x1           140       21248780
keccak_f1600_x4             0              -
poly_ntt                   15        2403300
poly_invntt                 9        2246139
rej_uniform                27              -
mulcache                   12              -
basemul                    12              -
poly_reduce                18              -
reference estimate total: 25898219
REQUEST: id=2 arm=99786456 keypair=3150118 encaps=3677404 decaps=3943177 total=10770699 start=6510 end=10777209
ARM: id=3 keccak=sg25 fips202=serial ablate=none ntt=reg32 nttmul=k nttbf=sg2 flags=99786456 unroll=1
SAMPLER_ARM: id=3 matrix=warp
CODEC_ARM: id=3 polybytes=warp compress=warp
NOISE_ARM: id=3 cbd=warp
LINEAR_ARM: id=3 poly=warp
ZEROIZE_ARM: id=3 single=scalar multi=scalar
ARITH_ARM: id=3 mulcache=w32 basemul=w32 reduce=w32 mul=ise profile=0
STATUS: id=3 keypair=0 encaps=0 decaps=0
KAT: id=3 pk/sk/ct/ss_enc/ss_dec match byte-for-byte
COUNTERS: id=3 keccak_x1=140 keccak_x4=0 ntt=15 intt=9 rej_uniform=27 mulcache=12 basemul=12 poly_reduce=18
REFERENCE C MICROBENCH ESTIMATES (not measured attribution):
primitive               calls     est_cycles
keccak_f1600_x1           140       21248780
keccak_f1600_x4             0              -
poly_ntt                   15        2403300
poly_invntt                 9        2246139
rej_uniform                27              -
mulcache                   12              -
basemul                    12              -
poly_reduce                18              -
reference estimate total: 25898219
REQUEST: id=3 arm=99786456 keypair=3150695 encaps=3685985 decaps=3933853 total=10770533 start=6478 end=10777011
ARM: id=4 keccak=sg25 fips202=serial ablate=none ntt=reg32 nttmul=k nttbf=sg2 flags=99786456 unroll=1
SAMPLER_ARM: id=4 matrix=warp
CODEC_ARM: id=4 polybytes=warp compress=warp
NOISE_ARM: id=4 cbd=warp
LINEAR_ARM: id=4 poly=warp
ZEROIZE_ARM: id=4 single=scalar multi=scalar
ARITH_ARM: id=4 mulcache=w32 basemul=w32 reduce=w32 mul=ise profile=0
STATUS: id=4 keypair=0 encaps=0 decaps=0
KAT: id=4 pk/sk/ct/ss_enc/ss_dec match byte-for-byte
COUNTERS: id=4 keccak_x1=140 keccak_x4=0 ntt=15 intt=9 rej_uniform=27 mulcache=12 basemul=12 poly_reduce=18
REFERENCE C MICROBENCH ESTIMATES (not measured attribution):
primitive               calls     est_cycles
keccak_f1600_x1           140       21248780
keccak_f1600_x4             0              -
poly_ntt                   15        2403300
poly_invntt                 9        2246139
rej_uniform                27              -
mulcache                   12              -
basemul                    12              -
poly_reduce                18              -
reference estimate total: 25898219
REQUEST: id=4 arm=99786456 keypair=3194655 encaps=3651728 decaps=3948686 total=10795069 start=6503 end=10801572
ARM: id=5 keccak=sg25 fips202=serial ablate=none ntt=reg32 nttmul=k nttbf=sg2 flags=99786456 unroll=1
SAMPLER_ARM: id=5 matrix=warp
CODEC_ARM: id=5 polybytes=warp compress=warp
NOISE_ARM: id=5 cbd=warp
LINEAR_ARM: id=5 poly=warp
ZEROIZE_ARM: id=5 single=scalar multi=scalar
ARITH_ARM: id=5 mulcache=w32 basemul=w32 reduce=w32 mul=ise profile=0
STATUS: id=5 keypair=0 encaps=0 decaps=0
KAT: id=5 pk/sk/ct/ss_enc/ss_dec match byte-for-byte
COUNTERS: id=5 keccak_x1=140 keccak_x4=0 ntt=15 intt=9 rej_uniform=27 mulcache=12 basemul=12 poly_reduce=18
REFERENCE C MICROBENCH ESTIMATES (not measured attribution):
primitive               calls     est_cycles
keccak_f1600_x1           140       21248780
keccak_f1600_x4             0              -
poly_ntt                   15        2403300
poly_invntt                 9        2246139
rej_uniform                27              -
mulcache                   12              -
basemul                    12              -
poly_reduce                18              -
reference estimate total: 25898219
REQUEST: id=5 arm=99786456 keypair=3229456 encaps=3632033 decaps=3923067 total=10784556 start=6514 end=10791070
ARM: id=6 keccak=sg25 fips202=serial ablate=none ntt=reg32 nttmul=k nttbf=sg2 flags=99786456 unroll=1
SAMPLER_ARM: id=6 matrix=warp
CODEC_ARM: id=6 polybytes=warp compress=warp
NOISE_ARM: id=6 cbd=warp
LINEAR_ARM: id=6 poly=warp
ZEROIZE_ARM: id=6 single=scalar multi=scalar
ARITH_ARM: id=6 mulcache=w32 basemul=w32 reduce=w32 mul=ise profile=0
STATUS: id=6 keypair=0 encaps=0 decaps=0
KAT: id=6 pk/sk/ct/ss_enc/ss_dec match byte-for-byte
COUNTERS: id=6 keccak_x1=140 keccak_x4=0 ntt=15 intt=9 rej_uniform=27 mulcache=12 basemul=12 poly_reduce=18
REFERENCE C MICROBENCH ESTIMATES (not measured attribution):
primitive               calls     est_cycles
keccak_f1600_x1           140       21248780
keccak_f1600_x4             0              -
poly_ntt                   15        2403300
poly_invntt                 9        2246139
rej_uniform                27              -
mulcache                   12              -
basemul                    12              -
poly_reduce                18              -
reference estimate total: 25898219
REQUEST: id=6 arm=99786456 keypair=3150366 encaps=3711758 decaps=3933126 total=10795250 start=6522 end=10801772
ARM: id=7 keccak=sg25 fips202=serial ablate=none ntt=reg32 nttmul=k nttbf=sg2 flags=99786456 unroll=1
SAMPLER_ARM: id=7 matrix=warp
CODEC_ARM: id=7 polybytes=warp compress=warp
NOISE_ARM: id=7 cbd=warp
LINEAR_ARM: id=7 poly=warp
ZEROIZE_ARM: id=7 single=scalar multi=scalar
ARITH_ARM: id=7 mulcache=w32 basemul=w32 reduce=w32 mul=ise profile=0
STATUS: id=7 keypair=0 encaps=0 decaps=0
KAT: id=7 pk/sk/ct/ss_enc/ss_dec match byte-for-byte
COUNTERS: id=7 keccak_x1=140 keccak_x4=0 ntt=15 intt=9 rej_uniform=27 mulcache=12 basemul=12 poly_reduce=18
REFERENCE C MICROBENCH ESTIMATES (not measured attribution):
primitive               calls     est_cycles
keccak_f1600_x1           140       21248780
keccak_f1600_x4             0              -
poly_ntt                   15        2403300
poly_invntt                 9        2246139
rej_uniform                27              -
mulcache                   12              -
basemul                    12              -
poly_reduce                18              -
reference estimate total: 25898219
REQUEST: id=7 arm=99786456 keypair=3171566 encaps=3690830 decaps=3938207 total=10800603 start=6486 end=10807089
BATCH: requests=8 start=6470 end=10807089 makespan=10800619
PERF: instrs=1202216, cycles=10808654, IPC=0.111
PASSED!
