SCHEDULING: requests=8 workers=8 waves=1
CONFIG: driver=simx clusters=1 cores=1 warps=8 threads=32 M=8 L=32 l2=0 l3=0 lmem=16384B line=64B isa=0x303340901100
PARAMETER_SET: ML-KEM-512
MAPPING: KEM_lanes=1 NTT_lanes=32
[VXDRV] Warning: CP has not retired a command in 10s.
[VXDRV]   Q_SEQNUM=26 target=27 CP_CTRL=0x00000001 CP_STATUS=0x00000001 Q_ERROR=0x00000000
[VXDRV]   RING_BASE=0x00005e37d3422dc0 HEAD_ADDR=0x00005e37d3432e00 CMPL_ADDR=0x00005e37d3432f00
[VXDRV]   RING_SIZE_LOG2=16 Q_CONTROL=0x00000001 Q_TAIL=0x00000000000006c0
[VXDRV]   The ring was accepted but nothing is executing. Set VORTEX_CP_POLL_TIMEOUT_S=<sec> to abort instead of spinning.
ARM: id=0 keccak=sg25 fips202=serial ablate=none ntt=reg32 nttmul=k nttbf=sg2 flags=99786456 unroll=1
SAMPLER_ARM: id=0 matrix=warp
CODEC_ARM: id=0 polybytes=warp compress=warp
NOISE_ARM: id=0 cbd=warp
LINEAR_ARM: id=0 poly=warp
ZEROIZE_ARM: id=0 single=scalar multi=scalar
ARITH_ARM: id=0 mulcache=w32 basemul=w32 reduce=w32 mul=ise profile=0
STATUS: id=0 keypair=0 encaps=0 decaps=0
KAT: id=0 pk/sk/ct/ss_enc/ss_dec match byte-for-byte
COUNTERS: id=0 keccak_x1=85 keccak_x4=0 ntt=10 intt=7 rej_uniform=12 mulcache=8 basemul=9 poly_reduce=13
REFERENCE C MICROBENCH ESTIMATES (not measured attribution):
primitive               calls     est_cycles
keccak_f1600_x1            85       12901045
keccak_f1600_x4             0              -
poly_ntt                   10        1602200
poly_invntt                 7        1746997
rej_uniform                12              -
mulcache                    8              -
basemul                     9              -
poly_reduce                13              -
reference estimate total: 16250242
REQUEST: id=0 arm=99786456 keypair=1623845 encaps=2010732 decaps=2269188 total=5903765 start=6544 end=5910309
ARM: id=1 keccak=sg25 fips202=serial ablate=none ntt=reg32 nttmul=k nttbf=sg2 flags=99786456 unroll=1
SAMPLER_ARM: id=1 matrix=warp
CODEC_ARM: id=1 polybytes=warp compress=warp
NOISE_ARM: id=1 cbd=warp
LINEAR_ARM: id=1 poly=warp
ZEROIZE_ARM: id=1 single=scalar multi=scalar
ARITH_ARM: id=1 mulcache=w32 basemul=w32 reduce=w32 mul=ise profile=0
STATUS: id=1 keypair=0 encaps=0 decaps=0
KAT: id=1 pk/sk/ct/ss_enc/ss_dec match byte-for-byte
COUNTERS: id=1 keccak_x1=85 keccak_x4=0 ntt=10 intt=7 rej_uniform=12 mulcache=8 basemul=9 poly_reduce=13
REFERENCE C MICROBENCH ESTIMATES (not measured attribution):
primitive               calls     est_cycles
keccak_f1600_x1            85       12901045
keccak_f1600_x4             0              -
poly_ntt                   10        1602200
poly_invntt                 7        1746997
rej_uniform                12              -
mulcache                    8              -
basemul                     9              -
poly_reduce                13              -
reference estimate total: 16250242
REQUEST: id=1 arm=99786456 keypair=1623895 encaps=2036552 decaps=2242851 total=5903298 start=6526 end=5909824
ARM: id=2 keccak=sg25 fips202=serial ablate=none ntt=reg32 nttmul=k nttbf=sg2 flags=99786456 unroll=1
SAMPLER_ARM: id=2 matrix=warp
CODEC_ARM: id=2 polybytes=warp compress=warp
NOISE_ARM: id=2 cbd=warp
LINEAR_ARM: id=2 poly=warp
ZEROIZE_ARM: id=2 single=scalar multi=scalar
ARITH_ARM: id=2 mulcache=w32 basemul=w32 reduce=w32 mul=ise profile=0
STATUS: id=2 keypair=0 encaps=0 decaps=0
KAT: id=2 pk/sk/ct/ss_enc/ss_dec match byte-for-byte
COUNTERS: id=2 keccak_x1=85 keccak_x4=0 ntt=10 intt=7 rej_uniform=12 mulcache=8 basemul=9 poly_reduce=13
REFERENCE C MICROBENCH ESTIMATES (not measured attribution):
primitive               calls     est_cycles
keccak_f1600_x1            85       12901045
keccak_f1600_x4             0              -
poly_ntt                   10        1602200
poly_invntt                 7        1746997
rej_uniform                12              -
mulcache                    8              -
basemul                     9              -
poly_reduce                13              -
reference estimate total: 16250242
REQUEST: id=2 arm=99786456 keypair=1624340 encaps=2011633 decaps=2267298 total=5903271 start=6551 end=5909822
ARM: id=3 keccak=sg25 fips202=serial ablate=none ntt=reg32 nttmul=k nttbf=sg2 flags=99786456 unroll=1
SAMPLER_ARM: id=3 matrix=warp
CODEC_ARM: id=3 polybytes=warp compress=warp
NOISE_ARM: id=3 cbd=warp
LINEAR_ARM: id=3 poly=warp
ZEROIZE_ARM: id=3 single=scalar multi=scalar
ARITH_ARM: id=3 mulcache=w32 basemul=w32 reduce=w32 mul=ise profile=0
STATUS: id=3 keypair=0 encaps=0 decaps=0
KAT: id=3 pk/sk/ct/ss_enc/ss_dec match byte-for-byte
COUNTERS: id=3 keccak_x1=85 keccak_x4=0 ntt=10 intt=7 rej_uniform=12 mulcache=8 basemul=9 poly_reduce=13
REFERENCE C MICROBENCH ESTIMATES (not measured attribution):
primitive               calls     est_cycles
keccak_f1600_x1            85       12901045
keccak_f1600_x4             0              -
poly_ntt                   10        1602200
poly_invntt                 7        1746997
rej_uniform                12              -
mulcache                    8              -
basemul                     9              -
poly_reduce                13              -
reference estimate total: 16250242
REQUEST: id=3 arm=99786456 keypair=1624609 encaps=1995877 decaps=2283698 total=5904184 start=6557 end=5910741
ARM: id=4 keccak=sg25 fips202=serial ablate=none ntt=reg32 nttmul=k nttbf=sg2 flags=99786456 unroll=1
SAMPLER_ARM: id=4 matrix=warp
CODEC_ARM: id=4 polybytes=warp compress=warp
NOISE_ARM: id=4 cbd=warp
LINEAR_ARM: id=4 poly=warp
ZEROIZE_ARM: id=4 single=scalar multi=scalar
ARITH_ARM: id=4 mulcache=w32 basemul=w32 reduce=w32 mul=ise profile=0
STATUS: id=4 keypair=0 encaps=0 decaps=0
KAT: id=4 pk/sk/ct/ss_enc/ss_dec match byte-for-byte
COUNTERS: id=4 keccak_x1=85 keccak_x4=0 ntt=10 intt=7 rej_uniform=12 mulcache=8 basemul=9 poly_reduce=13
REFERENCE C MICROBENCH ESTIMATES (not measured attribution):
primitive               calls     est_cycles
keccak_f1600_x1            85       12901045
keccak_f1600_x4             0              -
poly_ntt                   10        1602200
poly_invntt                 7        1746997
rej_uniform                12              -
mulcache                    8              -
basemul                     9              -
poly_reduce                13              -
reference estimate total: 16250242
REQUEST: id=4 arm=99786456 keypair=1624231 encaps=1996387 decaps=2284696 total=5905314 start=6532 end=5911846
ARM: id=5 keccak=sg25 fips202=serial ablate=none ntt=reg32 nttmul=k nttbf=sg2 flags=99786456 unroll=1
SAMPLER_ARM: id=5 matrix=warp
CODEC_ARM: id=5 polybytes=warp compress=warp
NOISE_ARM: id=5 cbd=warp
LINEAR_ARM: id=5 poly=warp
ZEROIZE_ARM: id=5 single=scalar multi=scalar
ARITH_ARM: id=5 mulcache=w32 basemul=w32 reduce=w32 mul=ise profile=0
STATUS: id=5 keypair=0 encaps=0 decaps=0
KAT: id=5 pk/sk/ct/ss_enc/ss_dec match byte-for-byte
COUNTERS: id=5 keccak_x1=85 keccak_x4=0 ntt=10 intt=7 rej_uniform=12 mulcache=8 basemul=9 poly_reduce=13
REFERENCE C MICROBENCH ESTIMATES (not measured attribution):
primitive               calls     est_cycles
keccak_f1600_x1            85       12901045
keccak_f1600_x4             0              -
poly_ntt                   10        1602200
poly_invntt                 7        1746997
rej_uniform                12              -
mulcache                    8              -
basemul                     9              -
poly_reduce                13              -
reference estimate total: 16250242
REQUEST: id=5 arm=99786456 keypair=1624700 encaps=2010520 decaps=2269988 total=5905208 start=6514 end=5911722
ARM: id=6 keccak=sg25 fips202=serial ablate=none ntt=reg32 nttmul=k nttbf=sg2 flags=99786456 unroll=1
SAMPLER_ARM: id=6 matrix=warp
CODEC_ARM: id=6 polybytes=warp compress=warp
NOISE_ARM: id=6 cbd=warp
LINEAR_ARM: id=6 poly=warp
ZEROIZE_ARM: id=6 single=scalar multi=scalar
ARITH_ARM: id=6 mulcache=w32 basemul=w32 reduce=w32 mul=ise profile=0
STATUS: id=6 keypair=0 encaps=0 decaps=0
KAT: id=6 pk/sk/ct/ss_enc/ss_dec match byte-for-byte
COUNTERS: id=6 keccak_x1=85 keccak_x4=0 ntt=10 intt=7 rej_uniform=12 mulcache=8 basemul=9 poly_reduce=13
REFERENCE C MICROBENCH ESTIMATES (not measured attribution):
primitive               calls     est_cycles
keccak_f1600_x1            85       12901045
keccak_f1600_x4             0              -
poly_ntt                   10        1602200
poly_invntt                 7        1746997
rej_uniform                12              -
mulcache                    8              -
basemul                     9              -
poly_reduce                13              -
reference estimate total: 16250242
REQUEST: id=6 arm=99786456 keypair=1656256 encaps=1980161 decaps=2268207 total=5904624 start=6538 end=5911162
ARM: id=7 keccak=sg25 fips202=serial ablate=none ntt=reg32 nttmul=k nttbf=sg2 flags=99786456 unroll=1
SAMPLER_ARM: id=7 matrix=warp
CODEC_ARM: id=7 polybytes=warp compress=warp
NOISE_ARM: id=7 cbd=warp
LINEAR_ARM: id=7 poly=warp
ZEROIZE_ARM: id=7 single=scalar multi=scalar
ARITH_ARM: id=7 mulcache=w32 basemul=w32 reduce=w32 mul=ise profile=0
STATUS: id=7 keypair=0 encaps=0 decaps=0
KAT: id=7 pk/sk/ct/ss_enc/ss_dec match byte-for-byte
COUNTERS: id=7 keccak_x1=85 keccak_x4=0 ntt=10 intt=7 rej_uniform=12 mulcache=8 basemul=9 poly_reduce=13
REFERENCE C MICROBENCH ESTIMATES (not measured attribution):
primitive               calls     est_cycles
keccak_f1600_x1            85       12901045
keccak_f1600_x4             0              -
poly_ntt                   10        1602200
poly_invntt                 7        1746997
rej_uniform                12              -
mulcache                    8              -
basemul                     9              -
poly_reduce                13              -
reference estimate total: 16250242
REQUEST: id=7 arm=99786456 keypair=1625195 encaps=2016914 decaps=2269014 total=5911123 start=6520 end=5917643
BATCH: requests=8 start=6514 end=5917643 makespan=5911129
PERF: instrs=749248, cycles=5919098, IPC=0.127
PASSED!
