SCHEDULING: requests=8 workers=8 waves=1
CONFIG: driver=simx clusters=1 cores=1 warps=8 threads=32 M=8 L=32 l2=0 l3=0 lmem=16384B line=64B isa=0x303340901100
PARAMETER_SET: ML-KEM-768
MAPPING: KEM_lanes=1 NTT_lanes=32
[VXDRV] Warning: CP has not retired a command in 10s.
[VXDRV]   Q_SEQNUM=26 target=27 CP_CTRL=0x00000001 CP_STATUS=0x00000001 Q_ERROR=0x00000000
[VXDRV]   RING_BASE=0x000059fa228dbdc0 HEAD_ADDR=0x000059fa228ebe00 CMPL_ADDR=0x000059fa228ebf00
[VXDRV]   RING_SIZE_LOG2=16 Q_CONTROL=0x00000001 Q_TAIL=0x00000000000006c0
[VXDRV]   The ring was accepted but nothing is executing. Set VORTEX_CP_POLL_TIMEOUT_S=<sec> to abort instead of spinning.
ARM: id=0 keccak=sg25 fips202=serial ablate=none ntt=reg32 nttmul=k nttbf=sg2 flags=99786456 unroll=1
SAMPLER_ARM: id=0 matrix=warp
CODEC_ARM: id=0 polybytes=warp compress=warp
NOISE_ARM: id=0 cbd=warp
LINEAR_ARM: id=0 poly=warp
ZEROIZE_ARM: id=0 single=scalar multi=scalar
ARITH_ARM: id=0 mulcache=w32 basemul=w32 reduce=w32 mul=ise profile=0
STATUS: id=0 keypair=0 encaps=0 decaps=0
KAT: id=0 pk/sk/ct/ss_enc/ss_dec match byte-for-byte
COUNTERS: id=0 keccak_x1=140 keccak_x4=0 ntt=15 intt=9 rej_uniform=27 mulcache=12 basemul=12 poly_reduce=18
REFERENCE C MICROBENCH ESTIMATES (not measured attribution):
primitive               calls     est_cycles
keccak_f1600_x1           140       21248780
keccak_f1600_x4             0              -
poly_ntt                   15        2403300
poly_invntt                 9        2246139
rej_uniform                27              -
mulcache                   12              -
basemul                    12              -
poly_reduce                18              -
reference estimate total: 25898219
REQUEST: id=0 arm=99786456 keypair=3070175 encaps=3536683 decaps=3809458 total=10416316 start=6415 end=10422731
ARM: id=1 keccak=sg25 fips202=serial ablate=none ntt=reg32 nttmul=k nttbf=sg2 flags=99786456 unroll=1
SAMPLER_ARM: id=1 matrix=warp
CODEC_ARM: id=1 polybytes=warp compress=warp
NOISE_ARM: id=1 cbd=warp
LINEAR_ARM: id=1 poly=warp
ZEROIZE_ARM: id=1 single=scalar multi=scalar
ARITH_ARM: id=1 mulcache=w32 basemul=w32 reduce=w32 mul=ise profile=0
STATUS: id=1 keypair=0 encaps=0 decaps=0
KAT: id=1 pk/sk/ct/ss_enc/ss_dec match byte-for-byte
COUNTERS: id=1 keccak_x1=140 keccak_x4=0 ntt=15 intt=9 rej_uniform=27 mulcache=12 basemul=12 poly_reduce=18
REFERENCE C MICROBENCH ESTIMATES (not measured attribution):
primitive               calls     est_cycles
keccak_f1600_x1           140       21248780
keccak_f1600_x4             0              -
poly_ntt                   15        2403300
poly_invntt                 9        2246139
rej_uniform                27              -
mulcache                   12              -
basemul                    12              -
poly_reduce                18              -
reference estimate total: 25898219
REQUEST: id=1 arm=99786456 keypair=3041036 encaps=3559460 decaps=3820187 total=10420683 start=6451 end=10427134
ARM: id=2 keccak=sg25 fips202=serial ablate=none ntt=reg32 nttmul=k nttbf=sg2 flags=99786456 unroll=1
SAMPLER_ARM: id=2 matrix=warp
CODEC_ARM: id=2 polybytes=warp compress=warp
NOISE_ARM: id=2 cbd=warp
LINEAR_ARM: id=2 poly=warp
ZEROIZE_ARM: id=2 single=scalar multi=scalar
ARITH_ARM: id=2 mulcache=w32 basemul=w32 reduce=w32 mul=ise profile=0
STATUS: id=2 keypair=0 encaps=0 decaps=0
KAT: id=2 pk/sk/ct/ss_enc/ss_dec match byte-for-byte
COUNTERS: id=2 keccak_x1=140 keccak_x4=0 ntt=15 intt=9 rej_uniform=27 mulcache=12 basemul=12 poly_reduce=18
REFERENCE C MICROBENCH ESTIMATES (not measured attribution):
primitive               calls     est_cycles
keccak_f1600_x1           140       21248780
keccak_f1600_x4             0              -
poly_ntt                   15        2403300
poly_invntt                 9        2246139
rej_uniform                27              -
mulcache                   12              -
basemul                    12              -
poly_reduce                18              -
reference estimate total: 25898219
REQUEST: id=2 arm=99786456 keypair=3070340 encaps=3511826 decaps=3844089 total=10426255 start=6421 end=10432676
ARM: id=3 keccak=sg25 fips202=serial ablate=none ntt=reg32 nttmul=k nttbf=sg2 flags=99786456 unroll=1
SAMPLER_ARM: id=3 matrix=warp
CODEC_ARM: id=3 polybytes=warp compress=warp
NOISE_ARM: id=3 cbd=warp
LINEAR_ARM: id=3 poly=warp
ZEROIZE_ARM: id=3 single=scalar multi=scalar
ARITH_ARM: id=3 mulcache=w32 basemul=w32 reduce=w32 mul=ise profile=0
STATUS: id=3 keypair=0 encaps=0 decaps=0
KAT: id=3 pk/sk/ct/ss_enc/ss_dec match byte-for-byte
COUNTERS: id=3 keccak_x1=140 keccak_x4=0 ntt=15 intt=9 rej_uniform=27 mulcache=12 basemul=12 poly_reduce=18
REFERENCE C MICROBENCH ESTIMATES (not measured attribution):
primitive               calls     est_cycles
keccak_f1600_x1           140       21248780
keccak_f1600_x4             0              -
poly_ntt                   15        2403300
poly_invntt                 9        2246139
rej_uniform                27              -
mulcache                   12              -
basemul                    12              -
poly_reduce                18              -
reference estimate total: 25898219
REQUEST: id=3 arm=99786456 keypair=3070035 encaps=3513618 decaps=3836576 total=10420229 start=6439 end=10426668
ARM: id=4 keccak=sg25 fips202=serial ablate=none ntt=reg32 nttmul=k nttbf=sg2 flags=99786456 unroll=1
SAMPLER_ARM: id=4 matrix=warp
CODEC_ARM: id=4 polybytes=warp compress=warp
NOISE_ARM: id=4 cbd=warp
LINEAR_ARM: id=4 poly=warp
ZEROIZE_ARM: id=4 single=scalar multi=scalar
ARITH_ARM: id=4 mulcache=w32 basemul=w32 reduce=w32 mul=ise profile=0
STATUS: id=4 keypair=0 encaps=0 decaps=0
KAT: id=4 pk/sk/ct/ss_enc/ss_dec match byte-for-byte
COUNTERS: id=4 keccak_x1=140 keccak_x4=0 ntt=15 intt=9 rej_uniform=27 mulcache=12 basemul=12 poly_reduce=18
REFERENCE C MICROBENCH ESTIMATES (not measured attribution):
primitive               calls     est_cycles
keccak_f1600_x1           140       21248780
keccak_f1600_x4             0              -
poly_ntt                   15        2403300
poly_invntt                 9        2246139
rej_uniform                27              -
mulcache                   12              -
basemul                    12              -
poly_reduce                18              -
reference estimate total: 25898219
REQUEST: id=4 arm=99786456 keypair=3070316 encaps=3528481 decaps=3827692 total=10426489 start=6458 end=10432947
ARM: id=5 keccak=sg25 fips202=serial ablate=none ntt=reg32 nttmul=k nttbf=sg2 flags=99786456 unroll=1
SAMPLER_ARM: id=5 matrix=warp
CODEC_ARM: id=5 polybytes=warp compress=warp
NOISE_ARM: id=5 cbd=warp
LINEAR_ARM: id=5 poly=warp
ZEROIZE_ARM: id=5 single=scalar multi=scalar
ARITH_ARM: id=5 mulcache=w32 basemul=w32 reduce=w32 mul=ise profile=0
STATUS: id=5 keypair=0 encaps=0 decaps=0
KAT: id=5 pk/sk/ct/ss_enc/ss_dec match byte-for-byte
COUNTERS: id=5 keccak_x1=140 keccak_x4=0 ntt=15 intt=9 rej_uniform=27 mulcache=12 basemul=12 poly_reduce=18
REFERENCE C MICROBENCH ESTIMATES (not measured attribution):
primitive               calls     est_cycles
keccak_f1600_x1           140       21248780
keccak_f1600_x4             0              -
poly_ntt                   15        2403300
poly_invntt                 9        2246139
rej_uniform                27              -
mulcache                   12              -
basemul                    12              -
poly_reduce                18              -
reference estimate total: 25898219
REQUEST: id=5 arm=99786456 keypair=3093611 encaps=3529679 decaps=3803719 total=10427009 start=6427 end=10433436
ARM: id=6 keccak=sg25 fips202=serial ablate=none ntt=reg32 nttmul=k nttbf=sg2 flags=99786456 unroll=1
SAMPLER_ARM: id=6 matrix=warp
CODEC_ARM: id=6 polybytes=warp compress=warp
NOISE_ARM: id=6 cbd=warp
LINEAR_ARM: id=6 poly=warp
ZEROIZE_ARM: id=6 single=scalar multi=scalar
ARITH_ARM: id=6 mulcache=w32 basemul=w32 reduce=w32 mul=ise profile=0
STATUS: id=6 keypair=0 encaps=0 decaps=0
KAT: id=6 pk/sk/ct/ss_enc/ss_dec match byte-for-byte
COUNTERS: id=6 keccak_x1=140 keccak_x4=0 ntt=15 intt=9 rej_uniform=27 mulcache=12 basemul=12 poly_reduce=18
REFERENCE C MICROBENCH ESTIMATES (not measured attribution):
primitive               calls     est_cycles
keccak_f1600_x1           140       21248780
keccak_f1600_x4             0              -
poly_ntt                   15        2403300
poly_invntt                 9        2246139
rej_uniform                27              -
mulcache                   12              -
basemul                    12              -
poly_reduce                18              -
reference estimate total: 25898219
REQUEST: id=6 arm=99786456 keypair=3137567 encaps=3543311 decaps=3794823 total=10475701 start=6445 end=10482146
ARM: id=7 keccak=sg25 fips202=serial ablate=none ntt=reg32 nttmul=k nttbf=sg2 flags=99786456 unroll=1
SAMPLER_ARM: id=7 matrix=warp
CODEC_ARM: id=7 polybytes=warp compress=warp
NOISE_ARM: id=7 cbd=warp
LINEAR_ARM: id=7 poly=warp
ZEROIZE_ARM: id=7 single=scalar multi=scalar
ARITH_ARM: id=7 mulcache=w32 basemul=w32 reduce=w32 mul=ise profile=0
STATUS: id=7 keypair=0 encaps=0 decaps=0
KAT: id=7 pk/sk/ct/ss_enc/ss_dec match byte-for-byte
COUNTERS: id=7 keccak_x1=140 keccak_x4=0 ntt=15 intt=9 rej_uniform=27 mulcache=12 basemul=12 poly_reduce=18
REFERENCE C MICROBENCH ESTIMATES (not measured attribution):
primitive               calls     est_cycles
keccak_f1600_x1           140       21248780
keccak_f1600_x4             0              -
poly_ntt                   15        2403300
poly_invntt                 9        2246139
rej_uniform                27              -
mulcache                   12              -
basemul                    12              -
poly_reduce                18              -
reference estimate total: 25898219
REQUEST: id=7 arm=99786456 keypair=3166375 encaps=3586093 decaps=3723760 total=10476228 start=6433 end=10482661
BATCH: requests=8 start=6415 end=10482661 makespan=10476246
PERF: instrs=1202216, cycles=10484183, IPC=0.115
PASSED!
