SCHEDULING: requests=8 workers=8 waves=1
CONFIG: driver=simx clusters=1 cores=1 warps=8 threads=32 M=8 L=32 l2=0 l3=0 lmem=16384B line=64B isa=0x303340901100
PARAMETER_SET: ML-KEM-768
MAPPING: KEM_lanes=1 NTT_lanes=32
[VXDRV] Warning: CP has not retired a command in 10s.
[VXDRV]   Q_SEQNUM=26 target=27 CP_CTRL=0x00000001 CP_STATUS=0x00000001 Q_ERROR=0x00000000
[VXDRV]   RING_BASE=0x00005ae97af21dc0 HEAD_ADDR=0x00005ae97af31e00 CMPL_ADDR=0x00005ae97af31f00
[VXDRV]   RING_SIZE_LOG2=16 Q_CONTROL=0x00000001 Q_TAIL=0x00000000000006c0
[VXDRV]   The ring was accepted but nothing is executing. Set VORTEX_CP_POLL_TIMEOUT_S=<sec> to abort instead of spinning.
ARM: id=0 keccak=sg25 fips202=serial ablate=none ntt=reg32 nttmul=k nttbf=sg2 flags=234004184 unroll=1
SAMPLER_ARM: id=0 matrix=warp
CODEC_ARM: id=0 polybytes=warp compress=warp
NOISE_ARM: id=0 cbd=warp
LINEAR_ARM: id=0 poly=warp
ZEROIZE_ARM: id=0 single=warp multi=scalar
ARITH_ARM: id=0 mulcache=w32 basemul=w32 reduce=w32 mul=ise profile=0
STATUS: id=0 keypair=0 encaps=0 decaps=0
KAT: id=0 pk/sk/ct/ss_enc/ss_dec match byte-for-byte
COUNTERS: id=0 keccak_x1=140 keccak_x4=0 ntt=15 intt=9 rej_uniform=27 mulcache=12 basemul=12 poly_reduce=18
REFERENCE C MICROBENCH ESTIMATES (not measured attribution):
primitive               calls     est_cycles
keccak_f1600_x1           140       21248780
keccak_f1600_x4             0              -
poly_ntt                   15        2403300
poly_invntt                 9        2246139
rej_uniform                27              -
mulcache                   12              -
basemul                    12              -
poly_reduce                18              -
reference estimate total: 25898219
REQUEST: id=0 arm=234004184 keypair=3041493 encaps=3565786 decaps=3864019 total=10471298 start=6534 end=10477832
ARM: id=1 keccak=sg25 fips202=serial ablate=none ntt=reg32 nttmul=k nttbf=sg2 flags=234004184 unroll=1
SAMPLER_ARM: id=1 matrix=warp
CODEC_ARM: id=1 polybytes=warp compress=warp
NOISE_ARM: id=1 cbd=warp
LINEAR_ARM: id=1 poly=warp
ZEROIZE_ARM: id=1 single=warp multi=scalar
ARITH_ARM: id=1 mulcache=w32 basemul=w32 reduce=w32 mul=ise profile=0
STATUS: id=1 keypair=0 encaps=0 decaps=0
KAT: id=1 pk/sk/ct/ss_enc/ss_dec match byte-for-byte
COUNTERS: id=1 keccak_x1=140 keccak_x4=0 ntt=15 intt=9 rej_uniform=27 mulcache=12 basemul=12 poly_reduce=18
REFERENCE C MICROBENCH ESTIMATES (not measured attribution):
primitive               calls     est_cycles
keccak_f1600_x1           140       21248780
keccak_f1600_x4             0              -
poly_ntt                   15        2403300
poly_invntt                 9        2246139
rej_uniform                27              -
mulcache                   12              -
basemul                    12              -
poly_reduce                18              -
reference estimate total: 25898219
REQUEST: id=1 arm=234004184 keypair=3086554 encaps=3520529 decaps=3868708 total=10475791 start=6571 end=10482362
ARM: id=2 keccak=sg25 fips202=serial ablate=none ntt=reg32 nttmul=k nttbf=sg2 flags=234004184 unroll=1
SAMPLER_ARM: id=2 matrix=warp
CODEC_ARM: id=2 polybytes=warp compress=warp
NOISE_ARM: id=2 cbd=warp
LINEAR_ARM: id=2 poly=warp
ZEROIZE_ARM: id=2 single=warp multi=scalar
ARITH_ARM: id=2 mulcache=w32 basemul=w32 reduce=w32 mul=ise profile=0
STATUS: id=2 keypair=0 encaps=0 decaps=0
KAT: id=2 pk/sk/ct/ss_enc/ss_dec match byte-for-byte
COUNTERS: id=2 keccak_x1=140 keccak_x4=0 ntt=15 intt=9 rej_uniform=27 mulcache=12 basemul=12 poly_reduce=18
REFERENCE C MICROBENCH ESTIMATES (not measured attribution):
primitive               calls     est_cycles
keccak_f1600_x1           140       21248780
keccak_f1600_x4             0              -
poly_ntt                   15        2403300
poly_invntt                 9        2246139
rej_uniform                27              -
mulcache                   12              -
basemul                    12              -
poly_reduce                18              -
reference estimate total: 25898219
REQUEST: id=2 arm=234004184 keypair=3075894 encaps=3531216 decaps=3864922 total=10472032 start=6540 end=10478572
ARM: id=3 keccak=sg25 fips202=serial ablate=none ntt=reg32 nttmul=k nttbf=sg2 flags=234004184 unroll=1
SAMPLER_ARM: id=3 matrix=warp
CODEC_ARM: id=3 polybytes=warp compress=warp
NOISE_ARM: id=3 cbd=warp
LINEAR_ARM: id=3 poly=warp
ZEROIZE_ARM: id=3 single=warp multi=scalar
ARITH_ARM: id=3 mulcache=w32 basemul=w32 reduce=w32 mul=ise profile=0
STATUS: id=3 keypair=0 encaps=0 decaps=0
KAT: id=3 pk/sk/ct/ss_enc/ss_dec match byte-for-byte
COUNTERS: id=3 keccak_x1=140 keccak_x4=0 ntt=15 intt=9 rej_uniform=27 mulcache=12 basemul=12 poly_reduce=18
REFERENCE C MICROBENCH ESTIMATES (not measured attribution):
primitive               calls     est_cycles
keccak_f1600_x1           140       21248780
keccak_f1600_x4             0              -
poly_ntt                   15        2403300
poly_invntt                 9        2246139
rej_uniform                27              -
mulcache                   12              -
basemul                    12              -
poly_reduce                18              -
reference estimate total: 25898219
REQUEST: id=3 arm=234004184 keypair=3076396 encaps=3551068 decaps=3847664 total=10475128 start=6560 end=10481688
ARM: id=4 keccak=sg25 fips202=serial ablate=none ntt=reg32 nttmul=k nttbf=sg2 flags=234004184 unroll=1
SAMPLER_ARM: id=4 matrix=warp
CODEC_ARM: id=4 polybytes=warp compress=warp
NOISE_ARM: id=4 cbd=warp
LINEAR_ARM: id=4 poly=warp
ZEROIZE_ARM: id=4 single=warp multi=scalar
ARITH_ARM: id=4 mulcache=w32 basemul=w32 reduce=w32 mul=ise profile=0
STATUS: id=4 keypair=0 encaps=0 decaps=0
KAT: id=4 pk/sk/ct/ss_enc/ss_dec match byte-for-byte
COUNTERS: id=4 keccak_x1=140 keccak_x4=0 ntt=15 intt=9 rej_uniform=27 mulcache=12 basemul=12 poly_reduce=18
REFERENCE C MICROBENCH ESTIMATES (not measured attribution):
primitive               calls     est_cycles
keccak_f1600_x1           140       21248780
keccak_f1600_x4             0              -
poly_ntt                   15        2403300
poly_invntt                 9        2246139
rej_uniform                27              -
mulcache                   12              -
basemul                    12              -
poly_reduce                18              -
reference estimate total: 25898219
REQUEST: id=4 arm=234004184 keypair=3158998 encaps=3541166 decaps=3802215 total=10502379 start=6579 end=10508958
ARM: id=5 keccak=sg25 fips202=serial ablate=none ntt=reg32 nttmul=k nttbf=sg2 flags=234004184 unroll=1
SAMPLER_ARM: id=5 matrix=warp
CODEC_ARM: id=5 polybytes=warp compress=warp
NOISE_ARM: id=5 cbd=warp
LINEAR_ARM: id=5 poly=warp
ZEROIZE_ARM: id=5 single=warp multi=scalar
ARITH_ARM: id=5 mulcache=w32 basemul=w32 reduce=w32 mul=ise profile=0
STATUS: id=5 keypair=0 encaps=0 decaps=0
KAT: id=5 pk/sk/ct/ss_enc/ss_dec match byte-for-byte
COUNTERS: id=5 keccak_x1=140 keccak_x4=0 ntt=15 intt=9 rej_uniform=27 mulcache=12 basemul=12 poly_reduce=18
REFERENCE C MICROBENCH ESTIMATES (not measured attribution):
primitive               calls     est_cycles
keccak_f1600_x1           140       21248780
keccak_f1600_x4             0              -
poly_ntt                   15        2403300
poly_invntt                 9        2246139
rej_uniform                27              -
mulcache                   12              -
basemul                    12              -
poly_reduce                18              -
reference estimate total: 25898219
REQUEST: id=5 arm=234004184 keypair=3077070 encaps=3566767 decaps=3831740 total=10475577 start=6547 end=10482124
ARM: id=6 keccak=sg25 fips202=serial ablate=none ntt=reg32 nttmul=k nttbf=sg2 flags=234004184 unroll=1
SAMPLER_ARM: id=6 matrix=warp
CODEC_ARM: id=6 polybytes=warp compress=warp
NOISE_ARM: id=6 cbd=warp
LINEAR_ARM: id=6 poly=warp
ZEROIZE_ARM: id=6 single=warp multi=scalar
ARITH_ARM: id=6 mulcache=w32 basemul=w32 reduce=w32 mul=ise profile=0
STATUS: id=6 keypair=0 encaps=0 decaps=0
KAT: id=6 pk/sk/ct/ss_enc/ss_dec match byte-for-byte
COUNTERS: id=6 keccak_x1=140 keccak_x4=0 ntt=15 intt=9 rej_uniform=27 mulcache=12 basemul=12 poly_reduce=18
REFERENCE C MICROBENCH ESTIMATES (not measured attribution):
primitive               calls     est_cycles
keccak_f1600_x1           140       21248780
keccak_f1600_x4             0              -
poly_ntt                   15        2403300
poly_invntt                 9        2246139
rej_uniform                27              -
mulcache                   12              -
basemul                    12              -
poly_reduce                18              -
reference estimate total: 25898219
REQUEST: id=6 arm=234004184 keypair=3113114 encaps=3564689 decaps=3801615 total=10479418 start=6565 end=10485983
ARM: id=7 keccak=sg25 fips202=serial ablate=none ntt=reg32 nttmul=k nttbf=sg2 flags=234004184 unroll=1
SAMPLER_ARM: id=7 matrix=warp
CODEC_ARM: id=7 polybytes=warp compress=warp
NOISE_ARM: id=7 cbd=warp
LINEAR_ARM: id=7 poly=warp
ZEROIZE_ARM: id=7 single=warp multi=scalar
ARITH_ARM: id=7 mulcache=w32 basemul=w32 reduce=w32 mul=ise profile=0
STATUS: id=7 keypair=0 encaps=0 decaps=0
KAT: id=7 pk/sk/ct/ss_enc/ss_dec match byte-for-byte
COUNTERS: id=7 keccak_x1=140 keccak_x4=0 ntt=15 intt=9 rej_uniform=27 mulcache=12 basemul=12 poly_reduce=18
REFERENCE C MICROBENCH ESTIMATES (not measured attribution):
primitive               calls     est_cycles
keccak_f1600_x1           140       21248780
keccak_f1600_x4             0              -
poly_ntt                   15        2403300
poly_invntt                 9        2246139
rej_uniform                27              -
mulcache                   12              -
basemul                    12              -
poly_reduce                18              -
reference estimate total: 25898219
REQUEST: id=7 arm=234004184 keypair=3120259 encaps=3526210 decaps=3861801 total=10508270 start=6554 end=10514824
BATCH: requests=8 start=6534 end=10514824 makespan=10508290
PERF: instrs=1205992, cycles=10516315, IPC=0.115
PASSED!
